Archive member included to satisfy reference by file (symbol)

C:/devkitPro/libnx/lib\libnx.a(pm.o)
                              main.o (pminfoInitialize)
C:/devkitPro/libnx/lib\libnx.a(ns.o)
                              main.o (nsvmInitialize)
C:/devkitPro/libnx/lib\libnx.a(nifm.o)
                              C:/devkitPro/libnx/lib\libnx.a(ns.o) (nifmGetClientId)
C:/devkitPro/libnx/lib\libnx.a(sm.o)
                              C:/devkitPro/libnx/lib\libnx.a(pm.o) (smGetServiceWrapper)
C:/devkitPro/libnx/lib\libnx.a(applet.o)
                              main.o (appletGetAppletType)
C:/devkitPro/libnx/lib\libnx.a(libapplet.o)
                              main.o (libappletArgsCreate)
C:/devkitPro/libnx/lib\libnx.a(web.o)
                              main.o (webWifiCreate)
C:/devkitPro/libnx/lib\libnx.a(swkbd.o)
                              main.o (swkbdCreate)
C:/devkitPro/libnx/lib\libnx.a(hosversion.o)
                              C:/devkitPro/libnx/lib\libnx.a(pm.o) (hosversionGet)
C:/devkitPro/libnx/lib\libnx.a(env.o)
                              C:/devkitPro/libnx/lib\libnx.a(applet.o) (envIsNso)
C:/devkitPro/libnx/lib\libnx.a(alloc.o)
                              C:/devkitPro/libnx/lib\libnx.a(swkbd.o) (__libnx_alloc)
C:/devkitPro/libnx/lib\libnx.a(pad.o)
                              main.o (padConfigureInput)
C:/devkitPro/libnx/lib\libnx.a(diag.o)
                              C:/devkitPro/libnx/lib\libnx.a(sm.o) (diagAbortWithResult)
C:/devkitPro/libnx/lib\libnx.a(console.o)
                              main.o (consoleInit)
C:/devkitPro/libnx/lib\libnx.a(console_sw.o)
                              C:/devkitPro/libnx/lib\libnx.a(console.o) (getDefaultConsoleRenderer)
C:/devkitPro/libnx/lib\libnx.a(utf16_to_utf8.o)
                              C:/devkitPro/libnx/lib\libnx.a(swkbd.o) (utf16_to_utf8)
C:/devkitPro/libnx/lib\libnx.a(decode_utf16.o)
                              C:/devkitPro/libnx/lib\libnx.a(utf16_to_utf8.o) (decode_utf16)
C:/devkitPro/libnx/lib\libnx.a(utf8_to_utf16.o)
                              C:/devkitPro/libnx/lib\libnx.a(swkbd.o) (utf8_to_utf16)
C:/devkitPro/libnx/lib\libnx.a(svc.o)
                              C:/devkitPro/libnx/lib\libnx.a(applet.o) (svcExitProcess)
C:/devkitPro/libnx/lib\libnx.a(switch_crt0.o)
                              (_start)
C:/devkitPro/libnx/lib\libnx.a(default_font.bin.o)
                              C:/devkitPro/libnx/lib\libnx.a(console.o) (default_font_bin)
C:/devkitPro/libnx/lib\libnx.a(wait.o)
                              C:/devkitPro/libnx/lib\libnx.a(applet.o) (waitObjects)
C:/devkitPro/libnx/lib\libnx.a(tmem.o)
                              C:/devkitPro/libnx/lib\libnx.a(ns.o) (tmemCreate)
C:/devkitPro/libnx/lib\libnx.a(mutex.o)
                              C:/devkitPro/libnx/lib\libnx.a(pm.o) (mutexLock)
C:/devkitPro/libnx/lib\libnx.a(virtmem.o)
                              C:/devkitPro/libnx/lib\libnx.a(tmem.o) (virtmemLock)
C:/devkitPro/libnx/lib\libnx.a(event.o)
                              C:/devkitPro/libnx/lib\libnx.a(pm.o) (eventLoadRemote)
C:/devkitPro/libnx/lib\libnx.a(random.o)
                              C:/devkitPro/libnx/lib\libnx.a(virtmem.o) (randomGet64)
C:/devkitPro/libnx/lib\libnx.a(vi.o)
                              C:/devkitPro/libnx/lib\libnx.a(swkbd.o) (viGetIndirectLayerImageMap)
C:/devkitPro/libnx/lib\libnx.a(apm.o)
                              C:/devkitPro/libnx/lib\libnx.a(applet.o) (apmInitialize)
C:/devkitPro/libnx/lib\libnx.a(hid.o)
                              C:/devkitPro/libnx/lib\libnx.a(pad.o) (hidGetNpadStyleSet)
C:/devkitPro/libnx/lib\libnx.a(framebuffer.o)
                              C:/devkitPro/libnx/lib\libnx.a(console_sw.o) (framebufferMakeLinear)
C:/devkitPro/libnx/lib\libnx.a(default_window.o)
                              C:/devkitPro/libnx/lib\libnx.a(console_sw.o) (nwindowGetDefault)
C:/devkitPro/libnx/lib\libnx.a(native_window.o)
                              C:/devkitPro/libnx/lib\libnx.a(framebuffer.o) (nwindowIsValid)
C:/devkitPro/libnx/lib\libnx.a(dynamic.o)
                              C:/devkitPro/libnx/lib\libnx.a(switch_crt0.o) (__nx_dynamic)
C:/devkitPro/libnx/lib\libnx.a(init.o)
                              C:/devkitPro/libnx/lib\libnx.a(switch_crt0.o) (__libnx_init)
C:/devkitPro/libnx/lib\libnx.a(newlib.o)
                              C:/devkitPro/libnx/lib\libnx.a(init.o) (__libnx_init_time)
C:/devkitPro/libnx/lib\libnx.a(argv.o)
                              C:/devkitPro/libnx/lib\libnx.a(init.o) (argvSetup)
C:/devkitPro/libnx/lib\libnx.a(fs_dev.o)
                              C:/devkitPro/libnx/lib\libnx.a(init.o) (fsdevMountSdmc)
C:/devkitPro/libnx/lib\libnx.a(encode_utf16.o)
                              C:/devkitPro/libnx/lib\libnx.a(utf8_to_utf16.o) (encode_utf16)
C:/devkitPro/libnx/lib\libnx.a(encode_utf8.o)
[...]
Memory Configuration

Name             Origin             Length             Attributes
*default*        0x0000000000000000 0xffffffffffffffff

Linker script and memory map

                0x0000000000000000                PROVIDE (__start__ = 0x0)
                0x0000000000000000                . = __start__
                0x0000000000000000                __code_start = .

.crt0           0x0000000000000000      0x140
 *(.crt0)
 .crt0          0x0000000000000000      0x140 C:/devkitPro/libnx/lib\libnx.a(switch_crt0.o)
                0x0000000000000000                _start
                0x0000000000000108                __nx_exit
                0x0000000000000118                __nx_mod0
                0x0000000000000140                . = ALIGN (0x8)

.init           0x0000000000000140       0x38
 *(.init)
 .init          0x0000000000000140       0x18 c:/devkitpro/devkita64/bin/../lib/gcc/aarch64-none-elf/11.1.0/pic/crti.o
                0x0000000000000140                _init
 .init          0x0000000000000158       0x1c c:/devkitpro/devkita64/bin/../lib/gcc/aarch64-none-elf/11.1.0/pic/crtn.o
                0x0000000000000178                . = ALIGN (0x8)
 *fill*         0x0000000000000174        0x4 

.plt            0x0000000000000178        0x0
 *(.plt)
 .plt           0x0000000000000178        0x0 c:/devkitpro/devkita64/bin/../lib/gcc/aarch64-none-elf/11.1.0/pic/crti.o
 *(.iplt)
                0x0000000000000178                . = ALIGN (0x8)

.text           0x0000000000000180    0x2f4d0
 *(.text.unlikely .text.*_unlikely .text.unlikely.*)
 *(.text.exit .text.exit.*)
 .text.exit     0x0000000000000180       0x38 c:/devkitpro/devkita64/bin/../lib/gcc/aarch64-none-elf/11.1.0/../../../../aarch64-none-elf/lib/pic\libg.a(lib_a-exit.o)
                0x0000000000000180                exit
 *(.text.startup .text.startup.*)
 *fill*         0x00000000000001b8        0x8 
 .text.startup.main
                0x00000000000001c0      0x440 main.o
                0x00000000000001c0                main
 *(.text.hot .text.hot.*)
 *(.text .stub .text.* .gnu.linkonce.t.*)
 .text.__do_global_dtors_aux
                0x0000000000000600       0x44 c:/devkitpro/devkita64/bin/../lib/gcc/aarch64-none-elf/11.1.0/pic/crtbegin.o
 *fill*         0x0000000000000644        0xc 
 .text.frame_dummy
                0x0000000000000650       0x24 c:/devkitpro/devkita64/bin/../lib/gcc/aarch64-none-elf/11.1.0/pic/crtbegin.o
 *fill*         0x0000000000000674        0xc 
 .text.validate_text
                0x0000000000000680      0x104 main.o
                0x0000000000000680                validate_text
 *fill*         0x0000000000000784        0xc 
 .text.showError
                0x0000000000000790       0xf0 main.o
                0x0000000000000790                showError
 .text.showKeyboard
                0x0000000000000880      0x150 main.o
                0x0000000000000880                showKeyboard
 .text._pminfoCleanup
                0x00000000000009d0       0x68 C:/devkitPro/libnx/lib\libnx.a(pm.o)
 *fill*         0x0000000000000a38        0x8 
 .text.pminfoInitialize
                0x0000000000000a40       0xa0 C:/devkitPro/libnx/lib\libnx.a(pm.o)
                0x0000000000000a40                pminfoInitialize
 .text.pminfoExit
                0x0000000000000ae0       0x44 C:/devkitPro/libnx/lib\libnx.a(pm.o)
                0x0000000000000ae0                pminfoExit
 *fill*         0x0000000000000b24        0xc 
 .text.pminfoGetProgramId
                0x0000000000000b30       0xd0 C:/devkitPro/libnx/lib\libnx.a(pm.o)
                0x0000000000000b30                pminfoGetProgramId
 .text._nsvmCleanup.part.0
                0x0000000000000c00       0x68 C:/devkitPro/libnx/lib\libnx.a(ns.o)
 *fill*         0x0000000000000c68        0x8 
 .text._nsCmdNoInOutU8.constprop.0
                0x0000000000000c70       0xc8 C:/devkitPro/libnx/lib\libnx.a(ns.o)
 *fill*         0x0000000000000d38        0x8 
 .text.nsvmInitialize
                0x0000000000000d40       0xac C:/devkitPro/libnx/lib\libnx.a(ns.o)
                0x0000000000000d40                nsvmInitialize
 *fill*         0x0000000000000dec        0x4 
 .text.nsvmExit
                0x0000000000000df0       0x54 C:/devkitPro/libnx/lib\libnx.a(ns.o)
                0x0000000000000df0                nsvmExit
 *fill*         0x0000000000000e44        0xc 
 .text.nsvmNeedsUpdateVulnerability
                0x0000000000000e50       0x64 C:/devkitPro/libnx/lib\libnx.a(ns.o)
                0x0000000000000e50                nsvmNeedsUpdateVulnerability
 *fill*         0x0000000000000eb4        0xc 
 .text._smCmifCmdInPid
                0x0000000000000ec0       0xd0 C:/devkitPro/libnx/lib\libnx.a(sm.o)
 .text._smCleanup
                0x0000000000000f90       0x68 C:/devkitPro/libnx/lib\libnx.a(sm.o)
 *fill*         0x0000000000000ff8        0x8 
 .text.smAddOverrideHandle
                0x0000000000001000       0x48 C:/devkitPro/libnx/lib\libnx.a(sm.o)
                0x0000000000001000                smAddOverrideHandle
 *fill*         0x0000000000001048        0x8 
 .text.smGetServiceOverride
                0x0000000000001050       0x54 C:/devkitPro/libnx/lib\libnx.a(sm.o)
                0x0000000000001050                smGetServiceOverride
 *fill*         0x00000000000010a4        0xc 
 .text.smInitialize
                0x00000000000010b0      0x1c0 C:/devkitPro/libnx/lib\libnx.a(sm.o)
                0x00000000000010b0                smInitialize
 .text.smExit   0x0000000000001270       0x44 C:/devkitPro/libnx/lib\libnx.a(sm.o)
                0x0000000000001270                smExit
 *fill*         0x00000000000012b4        0xc 
 .text.smGetServiceOriginal
                0x00000000000012c0       0xd0 C:/devkitPro/libnx/lib\libnx.a(sm.o)
                0x00000000000012c0                smGetServiceOriginal
 .text.smGetServiceWrapper
                0x0000000000001390      0x120 C:/devkitPro/libnx/lib\libnx.a(sm.o)
                0x0000000000001390                smGetServiceWrapper
 .text._appletInfiniteSleepLoop
                0x00000000000014b0       0x24 C:/devkitPro/libnx/lib\libnx.a(applet.o)
 *fill*         0x00000000000014d4        0xc 
 .text._appletCmdGetSession
                0x00000000000014e0      0x108 C:/devkitPro/libnx/lib\libnx.a(applet.o)
 *fill*         0x00000000000015e8        0x8 
 .text._appletCmdInU8NoOut
                0x00000000000015f0       0xcc C:/devkitPro/libnx/lib\libnx.a(applet.o)
 *fill*         0x00000000000016bc        0x4 
 .text._appletGetLaunchReason
                0x00000000000016c0      0x104 C:/devkitPro/libnx/lib\libnx.a(applet.o)
 *fill*         0x00000000000017c4        0xc 
 .text._appletSetFocusHandlingMode
                0x00000000000017d0       0xe4 C:/devkitPro/libnx/lib\libnx.a(applet.o)
 *fill*         0x00000000000018b4        0xc 
 .text._appletCmdInSession
                0x00000000000018c0       0xd4 C:/devkitPro/libnx/lib\libnx.a(applet.o)
 *fill*         0x0000000000001994        0xc 
 .text._appletCmdInU32NoOut
                0x00000000000019a0       0xcc C:/devkitPro/libnx/lib\libnx.a(applet.o)
 *fill*         0x0000000000001a6c        0x4 
 .text._appletCreateLibraryApplet
                0x0000000000001a70      0x11c C:/devkitPro/libnx/lib\libnx.a(applet.o)
 *fill*         0x0000000000001b8c        0x4 
 .text._appletCmdGetSessionInU64
                0x0000000000001b90      0x10c C:/devkitPro/libnx/lib\libnx.a(applet.o)
 *fill*         0x0000000000001c9c        0x4 
 .text._appletCmdInHandleU64OutSession
                0x0000000000001ca0      0x118 C:/devkitPro/libnx/lib\libnx.a(applet.o)
 *fill*         0x0000000000001db8        0x8 
 .text._appletStorageAccessorRW.constprop.0
                0x0000000000001dc0      0x208 C:/devkitPro/libnx/lib\libnx.a(applet.o)
 *fill*         0x0000000000001fc8        0x8 
 .text._appletStorageRW.part.0
                0x0000000000001fd0       0xec C:/devkitPro/libnx/lib\libnx.a(applet.o)
 *fill*         0x00000000000020bc        0x4 
 .text._appletGetSessionProxy.constprop.0
                0x00000000000020c0      0x138 C:/devkitPro/libnx/lib\libnx.a(applet.o)
 *fill*         0x00000000000021f8        0x8 
 .text._appletOpenLibraryAppletProxy.constprop.0
                0x0000000000002200      0x154 C:/devkitPro/libnx/lib\libnx.a(applet.o)
 *fill*         0x0000000000002354        0xc 
 .text._appletCmdGetHandle.constprop.0.isra.0
                0x0000000000002360       0xd0 C:/devkitPro/libnx/lib\libnx.a(applet.o)
 .text._appletCreateTransferMemoryStorage.isra.0
                0x0000000000002430      0x130 C:/devkitPro/libnx/lib\libnx.a(applet.o)
 .text._appletCmdNoInOutU8.isra.0
                0x0000000000002560       0xd4 C:/devkitPro/libnx/lib\libnx.a(applet.o)
 *fill*         0x0000000000002634        0xc 
 .text._appletCmdNoInOutU32.isra.0
                0x0000000000002640       0xd4 C:/devkitPro/libnx/lib\libnx.a(applet.o)
 *fill*         0x0000000000002714        0xc 
 .text._appletCmdNoInOutU64.isra.0
                0x0000000000002720       0xd4 C:/devkitPro/libnx/lib\libnx.a(applet.o)
 *fill*         0x00000000000027f4        0xc 
 .text._appletCmdNoIO.isra.0
                0x0000000000002800       0xc0 C:/devkitPro/libnx/lib\libnx.a(applet.o)
 .text.appletGetAppletType
                0x00000000000028c0       0x10 C:/devkitPro/libnx/lib\libnx.a(applet.o)
                0x00000000000028c0                appletGetAppletType
 .text.appletGetThemeColorType
                0x00000000000028d0        0xc C:/devkitPro/libnx/lib\libnx.a(applet.o)
                0x00000000000028d0                appletGetThemeColorType
 *fill*         0x00000000000028dc        0x4 
 .text.appletSetFocusHandlingMode
                0x00000000000028e0      0x118 C:/devkitPro/libnx/lib\libnx.a(applet.o)
                0x00000000000028e0                appletSetFocusHandlingMode
 *fill*         0x00000000000029f8        0x8 
 .text.appletSetCpuBoostMode
                0x0000000000002a00       0x5c C:/devkitPro/libnx/lib\libnx.a(applet.o)
                0x0000000000002a00                appletSetCpuBoostMode
 *fill*         0x0000000000002a5c        0x4 
 .text.appletCreateManagedDisplayLayer
                0x0000000000002a60       0x2c C:/devkitPro/libnx/lib\libnx.a(applet.o)
                0x0000000000002a60                appletCreateManagedDisplayLayer
 *fill*         0x0000000000002a8c        0x4 
 .text.appletGetAppletResourceUserId
                0x0000000000002a90        0xc C:/devkitPro/libnx/lib\libnx.a(applet.o)
                0x0000000000002a90                appletGetAppletResourceUserId
 *fill*         0x0000000000002a9c        0x4 
 .text._appletGetIndirectLayerConsumerHandle
                0x0000000000002aa0       0xf8 C:/devkitPro/libnx/lib\libnx.a(applet.o)
 *fill*         0x0000000000002b98        0x8 
 .text._appletHolderCreateState
                0x0000000000002ba0       0x88 C:/devkitPro/libnx/lib\libnx.a(applet.o)
 *fill*         0x0000000000002c28        0x8 
 .text.appletCreateLibraryApplet
                0x0000000000002c30       0xc4 C:/devkitPro/libnx/lib\libnx.a(applet.o)
                0x0000000000002c30                appletCreateLibraryApplet
 *fill*         0x0000000000002cf4        0xc 
 .text.appletHolderClose
                0x0000000000002d00       0xa8 C:/devkitPro/libnx/lib\libnx.a(applet.o)
                0x0000000000002d00                appletHolderClose
 *fill*         0x0000000000002da8        0x8 
 .text.appletHolderStart
                0x0000000000002db0       0xb4 C:/devkitPro/libnx/lib\libnx.a(applet.o)
                0x0000000000002db0                appletHolderStart
 *fill*         0x0000000000002e64        0xc 
 .text.appletHolderJoin
                0x0000000000002e70       0x84 C:/devkitPro/libnx/lib\libnx.a(applet.o)
                0x0000000000002e70                appletHolderJoin
 *fill*         0x0000000000002ef4        0xc 
 .text.appletHolderGetExitReason
                0x0000000000002f00        0x8 C:/devkitPro/libnx/lib\libnx.a(applet.o)
                0x0000000000002f00                appletHolderGetExitReason
 *fill*         0x0000000000002f08        0x8 
 .text.appletHolderGetPopInteractiveOutDataEvent
                0x0000000000002f10       0x90 C:/devkitPro/libnx/lib\libnx.a(applet.o)
                0x0000000000002f10                appletHolderGetPopInteractiveOutDataEvent
 .text.appletHolderWaitInteractiveOut
                0x0000000000002fa0       0x88 C:/devkitPro/libnx/lib\libnx.a(applet.o)
                0x0000000000002fa0                appletHolderWaitInteractiveOut
 *fill*         0x0000000000003028        0x8 
 .text.appletHolderPopOutData
                0x0000000000003030       0x28 C:/devkitPro/libnx/lib\libnx.a(applet.o)
                0x0000000000003030                appletHolderPopOutData
 *fill*         0x0000000000003058        0x8 
 .text.appletHolderPopInteractiveOutData
                0x0000000000003060       0x28 C:/devkitPro/libnx/lib\libnx.a(applet.o)
                0x0000000000003060                appletHolderPopInteractiveOutData
 *fill*         0x0000000000003088        0x8 
 .text.appletHolderGetLibraryAppletInfo
                0x0000000000003090       0x24 C:/devkitPro/libnx/lib\libnx.a(applet.o)
                0x0000000000003090                appletHolderGetLibraryAppletInfo
 *fill*         0x00000000000030b4        0xc 
 .text.appletCreateStorage
                0x00000000000030c0       0x2c C:/devkitPro/libnx/lib\libnx.a(applet.o)
                0x00000000000030c0                appletCreateStorage
 *fill*         0x00000000000030ec        0x4 
 .text.appletCreateTransferMemoryStorage
                0x00000000000030f0       0xa8 C:/devkitPro/libnx/lib\libnx.a(applet.o)
                0x00000000000030f0                appletCreateTransferMemoryStorage
 *fill*         0x0000000000003198        0x8 
 .text.appletCreateHandleStorage
                0x00000000000031a0       0x68 C:/devkitPro/libnx/lib\libnx.a(applet.o)
                0x00000000000031a0                appletCreateHandleStorage
 *fill*         0x0000000000003208        0x8 
 .text.appletCreateHandleStorageTmem
                0x0000000000003210       0xa0 C:/devkitPro/libnx/lib\libnx.a(applet.o)
                0x0000000000003210                appletCreateHandleStorageTmem
 .text.appletStorageClose
                0x00000000000032b0       0x8c C:/devkitPro/libnx/lib\libnx.a(applet.o)
                0x00000000000032b0                appletStorageClose
 *fill*         0x000000000000333c        0x4 
 .text.appletHolderPushInteractiveInData
                0x0000000000003340       0x4c C:/devkitPro/libnx/lib\libnx.a(applet.o)
                0x0000000000003340                appletHolderPushInteractiveInData
 *fill*         0x000000000000338c        0x4 
 .text.appletHolderPushInData
                0x0000000000003390       0x4c C:/devkitPro/libnx/lib\libnx.a(applet.o)
                0x0000000000003390                appletHolderPushInData
 *fill*         0x00000000000033dc        0x4 
 .text.appletStorageCloseTmem
                0x00000000000033e0        0x8 C:/devkitPro/libnx/lib\libnx.a(applet.o)
                0x00000000000033e0                appletStorageCloseTmem
 *fill*         0x00000000000033e8        0x8 
 .text.appletStorageGetSize
                0x00000000000033f0       0xd4 C:/devkitPro/libnx/lib\libnx.a(applet.o)
                0x00000000000033f0                appletStorageGetSize
 *fill*         0x00000000000034c4        0xc 
 .text.appletStorageWrite
                0x00000000000034d0       0x18 C:/devkitPro/libnx/lib\libnx.a(applet.o)
                0x00000000000034d0                appletStorageWrite
 *fill*         0x00000000000034e8        0x8 
 .text.appletStorageRead
                0x00000000000034f0       0x18 C:/devkitPro/libnx/lib\libnx.a(applet.o)
                0x00000000000034f0                appletStorageRead
 *fill*         0x0000000000003508        0x8 
 .text.appletNotifyRunning
                0x0000000000003510       0x90 C:/devkitPro/libnx/lib\libnx.a(applet.o)
                0x0000000000003510                appletNotifyRunning
 .text.appletSetGamePlayRecordingState
                0x00000000000035a0       0x8c C:/devkitPro/libnx/lib\libnx.a(applet.o)
                0x00000000000035a0                appletSetGamePlayRecordingState
 *fill*         0x000000000000362c        0x4 
 .text._appletCleanup
                0x0000000000003630      0xac0 C:/devkitPro/libnx/lib\libnx.a(applet.o)
 .text.appletExit
                0x00000000000040f0       0x44 C:/devkitPro/libnx/lib\libnx.a(applet.o)
                0x00000000000040f0                appletExit
 *fill*         0x0000000000004134        0xc 
 .text.appletGetLibraryAppletInfo
                0x0000000000004140       0x40 C:/devkitPro/libnx/lib\libnx.a(applet.o)
                0x0000000000004140                appletGetLibraryAppletInfo
 .text.appletInitialize
                0x0000000000004180      0xa10 C:/devkitPro/libnx/lib\libnx.a(applet.o)
                0x0000000000004180                appletInitialize
 .text._appletExitProcess
                0x0000000000004b90       0x24 C:/devkitPro/libnx/lib\libnx.a(applet.o)
 *fill*         0x0000000000004bb4        0xc 
 .text.appletGetMessage
                0x0000000000004bc0       0x74 C:/devkitPro/libnx/lib\libnx.a(applet.o)
                0x0000000000004bc0                appletGetMessage
 *fill*         0x0000000000004c34        0xc 
 .text.appletProcessMessage
                0x0000000000004c40      0x248 C:/devkitPro/libnx/lib\libnx.a(applet.o)
                0x0000000000004c40                appletProcessMessage
 *fill*         0x0000000000004e88        0x8 
 .text.appletMainLoop
                0x0000000000004e90       0x34 C:/devkitPro/libnx/lib\libnx.a(applet.o)
                0x0000000000004e90                appletMainLoop
 *fill*         0x0000000000004ec4        0xc 
 .text.libappletArgsCreate
                0x0000000000004ed0       0x3c C:/devkitPro/libnx/lib\libnx.a(libapplet.o)
                0x0000000000004ed0                libappletArgsCreate
 *fill*         0x0000000000004f0c        0x4 
 .text.libappletCreateWriteStorage
                0x0000000000004f10       0x68 C:/devkitPro/libnx/lib\libnx.a(libapplet.o)
                0x0000000000004f10                libappletCreateWriteStorage
 *fill*         0x0000000000004f78        0x8 
 .text.libappletReadStorage
                0x0000000000004f80       0x80 C:/devkitPro/libnx/lib\libnx.a(libapplet.o)
                0x0000000000004f80                libappletReadStorage
 .text.libappletArgsPush
                0x0000000000005000       0x48 C:/devkitPro/libnx/lib\libnx.a(libapplet.o)
                0x0000000000005000                libappletArgsPush
 *fill*         0x0000000000005048        0x8 
 .text.libappletPushInData
                0x0000000000005050       0x38 C:/devkitPro/libnx/lib\libnx.a(libapplet.o)
                0x0000000000005050                libappletPushInData
 *fill*         0x0000000000005088        0x8 
 .text.libappletPopOutData
                0x0000000000005090       0x6c C:/devkitPro/libnx/lib\libnx.a(libapplet.o)
                0x0000000000005090                libappletPopOutData
 *fill*         0x00000000000050fc        0x4 
 .text._webHandleExit
                0x0000000000005100       0x8c C:/devkitPro/libnx/lib\libnx.a(web.o)
 *fill*         0x000000000000518c        0x4 
 .text._webTLVWrite
                0x0000000000005190      0x1ac C:/devkitPro/libnx/lib\libnx.a(web.o)
 *fill*         0x000000000000533c        0x4 
 .text._webTLVRead
                0x0000000000005340       0xe4 C:/devkitPro/libnx/lib\libnx.a(web.o)
 *fill*         0x0000000000005424        0xc 
 .text._webGetShimKind
                0x0000000000005430        0x8 C:/devkitPro/libnx/lib\libnx.a(web.o)
                0x0000000000005430                _webGetShimKind
 *fill*         0x0000000000005438        0x8 
 .text._webConfigInitReply.part.0
                0x0000000000005440       0xbc C:/devkitPro/libnx/lib\libnx.a(web.o)
 *fill*         0x00000000000054fc        0x4 
 .text.webPageCreate
                0x0000000000005500      0x128 C:/devkitPro/libnx/lib\libnx.a(web.o)
                0x0000000000005500                webPageCreate
 *fill*         0x0000000000005628        0x8 
 .text.webConfigSetWhitelist
                0x0000000000005630       0x68 C:/devkitPro/libnx/lib\libnx.a(web.o)
                0x0000000000005630                webConfigSetWhitelist
 *fill*         0x0000000000005698        0x8 
 .text.webConfigSetJsExtension
                0x00000000000056a0       0x64 C:/devkitPro/libnx/lib\libnx.a(web.o)
                0x00000000000056a0                webConfigSetJsExtension
 *fill*         0x0000000000005704        0xc 
 .text.webConfigSetPageCache
                0x0000000000005710       0x64 C:/devkitPro/libnx/lib\libnx.a(web.o)
                0x0000000000005710                webConfigSetPageCache
 *fill*         0x0000000000005774        0xc 
 .text.webConfigSetBootLoadingIcon
                0x0000000000005780       0x6c C:/devkitPro/libnx/lib\libnx.a(web.o)
                0x0000000000005780                webConfigSetBootLoadingIcon
 *fill*         0x00000000000057ec        0x4 
 .text.webReplyGetExitReason
                0x00000000000057f0       0x30 C:/devkitPro/libnx/lib\libnx.a(web.o)
                0x00000000000057f0                webReplyGetExitReason
 .text.webConfigShow
                0x0000000000005820      0x158 C:/devkitPro/libnx/lib\libnx.a(web.o)
                0x0000000000005820                webConfigShow
 *fill*         0x0000000000005978        0x8 
 .text._swkbdInitVersion
                0x0000000000005980       0xcc C:/devkitPro/libnx/lib\libnx.a(swkbd.o)
 *fill*         0x0000000000005a4c        0x4 
 .text.swkbdCreate
                0x0000000000005a50       0xbc C:/devkitPro/libnx/lib\libnx.a(swkbd.o)
                0x0000000000005a50                swkbdCreate
 *fill*         0x0000000000005b0c        0x4 
 .text.swkbdClose
                0x0000000000005b10       0x30 C:/devkitPro/libnx/lib\libnx.a(swkbd.o)
                0x0000000000005b10                swkbdClose
 .text.swkbdConfigMakePresetDefault
                0x0000000000005b40       0x68 C:/devkitPro/libnx/lib\libnx.a(swkbd.o)
                0x0000000000005b40                swkbdConfigMakePresetDefault
 *fill*         0x0000000000005ba8        0x8 
 .text.swkbdConfigSetOkButtonText
                0x0000000000005bb0       0x3c C:/devkitPro/libnx/lib\libnx.a(swkbd.o)
                0x0000000000005bb0                swkbdConfigSetOkButtonText
 *fill*         0x0000000000005bec        0x4 
 .text.swkbdConfigSetHeaderText
                0x0000000000005bf0       0x3c C:/devkitPro/libnx/lib\libnx.a(swkbd.o)
                0x0000000000005bf0                swkbdConfigSetHeaderText
 *fill*         0x0000000000005c2c        0x4 
 .text.swkbdConfigSetGuideText
                0x0000000000005c30       0x3c C:/devkitPro/libnx/lib\libnx.a(swkbd.o)
                0x0000000000005c30                swkbdConfigSetGuideText
 *fill*         0x0000000000005c6c        0x4 
 .text.swkbdConfigSetInitialText
                0x0000000000005c70       0x68 C:/devkitPro/libnx/lib\libnx.a(swkbd.o)
                0x0000000000005c70                swkbdConfigSetInitialText
 *fill*         0x0000000000005cd8        0x8 
 .text.swkbdConfigSetTextCheckCallback
                0x0000000000005ce0       0x14 C:/devkitPro/libnx/lib\libnx.a(swkbd.o)
                0x0000000000005ce0                swkbdConfigSetTextCheckCallback
 *fill*         0x0000000000005cf4        0xc 
 .text.swkbdShow
                0x0000000000005d00      0x4d0 C:/devkitPro/libnx/lib\libnx.a(swkbd.o)
                0x0000000000005d00                swkbdShow
 .text.hosversionGet
                0x00000000000061d0       0x14 C:/devkitPro/libnx/lib\libnx.a(hosversion.o)
                0x00000000000061d0                hosversionGet
 *fill*         0x00000000000061e4        0xc 
 .text.hosversionSet
                0x00000000000061f0       0x10 C:/devkitPro/libnx/lib\libnx.a(hosversion.o)
                0x00000000000061f0                hosversionSet
 .text.envSetup
                0x0000000000006200      0x24c C:/devkitPro/libnx/lib\libnx.a(env.o)
                0x0000000000006200                envSetup
 *fill*         0x000000000000644c        0x4 
 .text.envGetMainThreadHandle
                0x0000000000006450       0x20 C:/devkitPro/libnx/lib\libnx.a(env.o)
                0x0000000000006450                envGetMainThreadHandle
 .text.envIsNso
                0x0000000000006470        0xc C:/devkitPro/libnx/lib\libnx.a(env.o)
                0x0000000000006470                envIsNso
 *fill*         0x000000000000647c        0x4 
 .text.envHasHeapOverride
                0x0000000000006480       0x14 C:/devkitPro/libnx/lib\libnx.a(env.o)
                0x0000000000006480                envHasHeapOverride
 *fill*         0x0000000000006494        0xc 
 .text.envGetHeapOverrideAddr
                0x00000000000064a0        0xc C:/devkitPro/libnx/lib\libnx.a(env.o)
                0x00000000000064a0                envGetHeapOverrideAddr
 *fill*         0x00000000000064ac        0x4 
 .text.envGetHeapOverrideSize
                0x00000000000064b0        0xc C:/devkitPro/libnx/lib\libnx.a(env.o)
                0x00000000000064b0                envGetHeapOverrideSize
 *fill*         0x00000000000064bc        0x4 
 .text.envHasArgv
                0x00000000000064c0       0x14 C:/devkitPro/libnx/lib\libnx.a(env.o)
                0x00000000000064c0                envHasArgv
 *fill*         0x00000000000064d4        0xc 
 .text.envGetArgv
                0x00000000000064e0        0xc C:/devkitPro/libnx/lib\libnx.a(env.o)
                0x00000000000064e0                envGetArgv
 *fill*         0x00000000000064ec        0x4 
 .text.envGetExitFuncPtr
                0x00000000000064f0        0xc C:/devkitPro/libnx/lib\libnx.a(env.o)
                0x00000000000064f0                envGetExitFuncPtr
 *fill*         0x00000000000064fc        0x4 
 .text.envSetExitFuncPtr
                0x0000000000006500        0xc C:/devkitPro/libnx/lib\libnx.a(env.o)
                0x0000000000006500                envSetExitFuncPtr
 *fill*         0x000000000000650c        0x4 
 .text.envHasRandomSeed
                0x0000000000006510        0xc C:/devkitPro/libnx/lib\libnx.a(env.o)
                0x0000000000006510                envHasRandomSeed
 *fill*         0x000000000000651c        0x4 
 .text.envGetRandomSeed
                0x0000000000006520       0x18 C:/devkitPro/libnx/lib\libnx.a(env.o)
                0x0000000000006520                envGetRandomSeed
 *fill*         0x0000000000006538        0x8 
 .text.__libnx_alloc
                0x0000000000006540        0x4 C:/devkitPro/libnx/lib\libnx.a(alloc.o)
                0x0000000000006540                __libnx_alloc
 *fill*         0x0000000000006544        0xc 
 .text.__libnx_aligned_alloc
                0x0000000000006550       0x14 C:/devkitPro/libnx/lib\libnx.a(alloc.o)
                0x0000000000006550                __libnx_aligned_alloc
 *fill*         0x0000000000006564        0xc 
 .text.__libnx_free
                0x0000000000006570        0x4 C:/devkitPro/libnx/lib\libnx.a(alloc.o)
                0x0000000000006570                __libnx_free
 *fill*         0x0000000000006574        0xc 
 .text._padUpdateWithCommonState
                0x0000000000006580       0x5c C:/devkitPro/libnx/lib\libnx.a(pad.o)
 *fill*         0x00000000000065dc        0x4 
 .text.padConfigureInput
                0x00000000000065e0       0x9c C:/devkitPro/libnx/lib\libnx.a(pad.o)
                0x00000000000065e0                padConfigureInput
 *fill*         0x000000000000667c        0x4 
 .text.padInitializeWithMask
                0x0000000000006680       0x20 C:/devkitPro/libnx/lib\libnx.a(pad.o)
                0x0000000000006680                padInitializeWithMask
 .text.padUpdate
                0x00000000000066a0      0x228 C:/devkitPro/libnx/lib\libnx.a(pad.o)
                0x00000000000066a0                padUpdate
 *fill*         0x00000000000068c8        0x8 
 .text.diagAbortWithResult
                0x00000000000068d0       0x1c C:/devkitPro/libnx/lib\libnx.a(diag.o)
                0x00000000000068d0                diagAbortWithResult
 *fill*         0x00000000000068ec        0x4 
 .text.consoleDrawChar
                0x00000000000068f0       0x48 C:/devkitPro/libnx/lib\libnx.a(console.o)
 *fill*         0x0000000000006938        0x8 
 .text.consoleNewRow
                0x0000000000006940       0xb0 C:/devkitPro/libnx/lib\libnx.a(console.o)
 .text.con_write
                0x00000000000069f0      0xc38 C:/devkitPro/libnx/lib\libnx.a(console.o)
 *fill*         0x0000000000007628        0x8 
 .text.consoleInit
                0x0000000000007630      0x160 C:/devkitPro/libnx/lib\libnx.a(console.o)
                0x0000000000007630                consoleInit
 .text.consoleExit
                0x0000000000007790       0x48 C:/devkitPro/libnx/lib\libnx.a(console.o)
                0x0000000000007790                consoleExit
 *fill*         0x00000000000077d8        0x8 
 .text.consoleUpdate
                0x00000000000077e0       0x2c C:/devkitPro/libnx/lib\libnx.a(console.o)
                0x00000000000077e0                consoleUpdate
 *fill*         0x000000000000780c        0x4 
 .text.ConsoleSwRenderer_drawChar
                0x0000000000007810      0x194 C:/devkitPro/libnx/lib\libnx.a(console_sw.o)
 *fill*         0x00000000000079a4        0xc 
 .text.ConsoleSwRenderer_init
                0x00000000000079b0       0xf4 C:/devkitPro/libnx/lib\libnx.a(console_sw.o)
 *fill*         0x0000000000007aa4        0xc 
 .text.ConsoleSwRenderer_flushAndSwap
                0x0000000000007ab0       0x70 C:/devkitPro/libnx/lib\libnx.a(console_sw.o)
 .text.ConsoleSwRenderer_scrollWindow
                0x0000000000007b20       0xc8 C:/devkitPro/libnx/lib\libnx.a(console_sw.o)
 *fill*         0x0000000000007be8        0x8 
 .text.ConsoleSwRenderer_deinit
                0x0000000000007bf0       0x4c C:/devkitPro/libnx/lib\libnx.a(console_sw.o)
 *fill*         0x0000000000007c3c        0x4 
 .text.getDefaultConsoleRenderer
                0x0000000000007c40        0xc C:/devkitPro/libnx/lib\libnx.a(console_sw.o)
                0x0000000000007c40                getDefaultConsoleRenderer
 *fill*         0x0000000000007c4c        0x4 
 .text.utf16_to_utf8
                0x0000000000007c50      0x138 C:/devkitPro/libnx/lib\libnx.a(utf16_to_utf8.o)
                0x0000000000007c50                utf16_to_utf8
 *fill*         0x0000000000007d88        0x8 
 .text.decode_utf16
                0x0000000000007d90       0x64 C:/devkitPro/libnx/lib\libnx.a(decode_utf16.o)
                0x0000000000007d90                decode_utf16
 *fill*         0x0000000000007df4        0xc 
 .text.utf8_to_utf16
                0x0000000000007e00      0x10c C:/devkitPro/libnx/lib\libnx.a(utf8_to_utf16.o)
                0x0000000000007e00                utf8_to_utf16
 .text.svcSetHeapSize
                0x0000000000007f0c       0x14 C:/devkitPro/libnx/lib\libnx.a(svc.o)
                0x0000000000007f0c                svcSetHeapSize
 .text.svcSetMemoryAttribute
                0x0000000000007f20        0x8 C:/devkitPro/libnx/lib\libnx.a(svc.o)
                0x0000000000007f20                svcSetMemoryAttribute
 .text.svcUnmapMemory
                0x0000000000007f28        0x8 C:/devkitPro/libnx/lib\libnx.a(svc.o)
                0x0000000000007f28                svcUnmapMemory
 .text.svcQueryMemory
                0x0000000000007f30       0x14 C:/devkitPro/libnx/lib\libnx.a(svc.o)
                0x0000000000007f30                svcQueryMemory
 .text.svcExitProcess
                0x0000000000007f44        0x8 C:/devkitPro/libnx/lib\libnx.a(svc.o)
                0x0000000000007f44                svcExitProcess
 .text.svcSleepThread
                0x0000000000007f4c        0x8 C:/devkitPro/libnx/lib\libnx.a(svc.o)
                0x0000000000007f4c                svcSleepThread
 .text.svcMapSharedMemory
                0x0000000000007f54        0x8 C:/devkitPro/libnx/lib\libnx.a(svc.o)
                0x0000000000007f54                svcMapSharedMemory
 .text.svcUnmapSharedMemory
                0x0000000000007f5c        0x8 C:/devkitPro/libnx/lib\libnx.a(svc.o)
                0x0000000000007f5c                svcUnmapSharedMemory
 .text.svcCreateTransferMemory
                0x0000000000007f64       0x14 C:/devkitPro/libnx/lib\libnx.a(svc.o)
                0x0000000000007f64                svcCreateTransferMemory
 .text.svcCloseHandle
                0x0000000000007f78        0x8 C:/devkitPro/libnx/lib\libnx.a(svc.o)
                0x0000000000007f78                svcCloseHandle
 .text.svcResetSignal
                0x0000000000007f80        0x8 C:/devkitPro/libnx/lib\libnx.a(svc.o)
                0x0000000000007f80                svcResetSignal
 .text.svcWaitSynchronization
                0x0000000000007f88       0x14 C:/devkitPro/libnx/lib\libnx.a(svc.o)
                0x0000000000007f88                svcWaitSynchronization
 .text.svcArbitrateLock
                0x0000000000007f9c        0x8 C:/devkitPro/libnx/lib\libnx.a(svc.o)
                0x0000000000007f9c                svcArbitrateLock
 .text.svcArbitrateUnlock
                0x0000000000007fa4        0x8 C:/devkitPro/libnx/lib\libnx.a(svc.o)
                0x0000000000007fa4                svcArbitrateUnlock
 .text.svcWaitProcessWideKeyAtomic
                0x0000000000007fac        0x8 C:/devkitPro/libnx/lib\libnx.a(svc.o)
                0x0000000000007fac                svcWaitProcessWideKeyAtomic
 .text.svcSignalProcessWideKey
                0x0000000000007fb4        0x8 C:/devkitPro/libnx/lib\libnx.a(svc.o)
                0x0000000000007fb4                svcSignalProcessWideKey
 .text.svcConnectToNamedPort
                0x0000000000007fbc       0x14 C:/devkitPro/libnx/lib\libnx.a(svc.o)
                0x0000000000007fbc                svcConnectToNamedPort
 .text.svcSendSyncRequest
                0x0000000000007fd0        0x8 C:/devkitPro/libnx/lib\libnx.a(svc.o)
                0x0000000000007fd0                svcSendSyncRequest
 .text.svcBreak
                0x0000000000007fd8        0x8 C:/devkitPro/libnx/lib\libnx.a(svc.o)
                0x0000000000007fd8                svcBreak
 .text.svcReturnFromException
                0x0000000000007fe0        0x8 C:/devkitPro/libnx/lib\libnx.a(svc.o)
                0x0000000000007fe0                svcReturnFromException
 .text.svcGetInfo
                0x0000000000007fe8       0x14 C:/devkitPro/libnx/lib\libnx.a(svc.o)
                0x0000000000007fe8                svcGetInfo
 .text.svcUnmapTransferMemory
                0x0000000000007ffc        0x8 C:/devkitPro/libnx/lib\libnx.a(svc.o)
                0x0000000000007ffc                svcUnmapTransferMemory
 .text.svcGetProcessList
                0x0000000000008004       0x14 C:/devkitPro/libnx/lib\libnx.a(svc.o)
                0x0000000000008004                svcGetProcessList
 *fill*         0x0000000000008018        0x8 
 .text.waitObjects
                0x0000000000008020      0x45c C:/devkitPro/libnx/lib\libnx.a(wait.o)
                0x0000000000008020                waitObjects
 *fill*         0x000000000000847c        0x4 
 .text.tmemCreate
                0x0000000000008480       0xa8 C:/devkitPro/libnx/lib\libnx.a(tmem.o)
                0x0000000000008480                tmemCreate
 *fill*         0x0000000000008528        0x8 
 .text.tmemCreateFromMemory
                0x0000000000008530       0x28 C:/devkitPro/libnx/lib\libnx.a(tmem.o)
                0x0000000000008530                tmemCreateFromMemory
 *fill*         0x0000000000008558        0x8 
 .text.tmemUnmap
                0x0000000000008560       0x34 C:/devkitPro/libnx/lib\libnx.a(tmem.o)
                0x0000000000008560                tmemUnmap
 *fill*         0x0000000000008594        0xc 
 .text.tmemClose
                0x00000000000085a0       0x68 C:/devkitPro/libnx/lib\libnx.a(tmem.o)
                0x00000000000085a0                tmemClose
 *fill*         0x0000000000008608        0x8 
 .text.mutexLock
                0x0000000000008610       0x80 C:/devkitPro/libnx/lib\libnx.a(mutex.o)
                0x0000000000008610                mutexLock
 .text.mutexUnlock
                0x0000000000008690       0x68 C:/devkitPro/libnx/lib\libnx.a(mutex.o)
                0x0000000000008690                mutexUnlock
 *fill*         0x00000000000086f8        0x8 
 .text.mutexIsLockedByCurrentThread
                0x0000000000008700       0x1c C:/devkitPro/libnx/lib\libnx.a(mutex.o)
                0x0000000000008700                mutexIsLockedByCurrentThread
 *fill*         0x000000000000871c        0x4 
 .text.rmutexLock
                0x0000000000008720       0x4c C:/devkitPro/libnx/lib\libnx.a(mutex.o)
                0x0000000000008720                rmutexLock
 *fill*         0x000000000000876c        0x4 
 .text.rmutexUnlock
                0x0000000000008770       0x1c C:/devkitPro/libnx/lib\libnx.a(mutex.o)
                0x0000000000008770                rmutexUnlock
 *fill*         0x000000000000878c        0x4 
 .text._memregionInitWithInfo
                0x0000000000008790       0x64 C:/devkitPro/libnx/lib\libnx.a(virtmem.o)
 *fill*         0x00000000000087f4        0xc 
 .text.__libnx_virtmem_rng
                0x0000000000008800        0x4 C:/devkitPro/libnx/lib\libnx.a(virtmem.o)
                0x0000000000008800                __libnx_virtmem_rng
 *fill*         0x0000000000008804        0xc 
 .text._memregionFindRandom
                0x0000000000008810      0x178 C:/devkitPro/libnx/lib\libnx.a(virtmem.o)
 *fill*         0x0000000000008988        0x8 
 .text.virtmemSetup
                0x0000000000008990      0x120 C:/devkitPro/libnx/lib\libnx.a(virtmem.o)
                0x0000000000008990                virtmemSetup
 .text.virtmemLock
                0x0000000000008ab0        0xc C:/devkitPro/libnx/lib\libnx.a(virtmem.o)
                0x0000000000008ab0                virtmemLock
 *fill*         0x0000000000008abc        0x4 
 .text.virtmemUnlock
                0x0000000000008ac0        0xc C:/devkitPro/libnx/lib\libnx.a(virtmem.o)
                0x0000000000008ac0                virtmemUnlock
 *fill*         0x0000000000008acc        0x4 
 .text.virtmemFindAslr
                0x0000000000008ad0       0x54 C:/devkitPro/libnx/lib\libnx.a(virtmem.o)
                0x0000000000008ad0                virtmemFindAslr
 *fill*         0x0000000000008b24        0xc 
 .text.eventLoadRemote
                0x0000000000008b30        0xc C:/devkitPro/libnx/lib\libnx.a(event.o)
                0x0000000000008b30                eventLoadRemote
 *fill*         0x0000000000008b3c        0x4 
 .text.eventWait
                0x0000000000008b40       0x38 C:/devkitPro/libnx/lib\libnx.a(event.o)
                0x0000000000008b40                eventWait
 *fill*         0x0000000000008b78        0x8 
 .text.eventClose
                0x0000000000008b80       0x50 C:/devkitPro/libnx/lib\libnx.a(event.o)
                0x0000000000008b80                eventClose
 .text.randomGet
                0x0000000000008bd0      0x3d4 C:/devkitPro/libnx/lib\libnx.a(random.o)
                0x0000000000008bd0                randomGet
 *fill*         0x0000000000008fa4        0xc 
 .text.randomGet64
                0x0000000000008fb0       0x20 C:/devkitPro/libnx/lib\libnx.a(random.o)
                0x0000000000008fb0                randomGet64
 .text._viCleanup
                0x0000000000008fd0      0x1dc C:/devkitPro/libnx/lib\libnx.a(vi.o)
 *fill*         0x00000000000091ac        0x4 
 .text._viCmdGetSessionNoParams.constprop.0
                0x00000000000091b0      0x100 C:/devkitPro/libnx/lib\libnx.a(vi.o)
 .text._viCmdGetSession.constprop.0
                0x00000000000092b0       0xfc C:/devkitPro/libnx/lib\libnx.a(vi.o)
 *fill*         0x00000000000093ac        0x4 
 .text.viInitialize
                0x00000000000093b0      0x25c C:/devkitPro/libnx/lib\libnx.a(vi.o)
                0x00000000000093b0                viInitialize
 *fill*         0x000000000000960c        0x4 
 .text.viExit   0x0000000000009610       0x44 C:/devkitPro/libnx/lib\libnx.a(vi.o)
                0x0000000000009610                viExit
 *fill*         0x0000000000009654        0xc 
 .text.viGetSession_IHOSBinderDriverRelay
                0x0000000000009660        0xc C:/devkitPro/libnx/lib\libnx.a(vi.o)
                0x0000000000009660                viGetSession_IHOSBinderDriverRelay
 *fill*         0x000000000000966c        0x4 
 .text.viOpenDisplay
                0x0000000000009670      0x110 C:/devkitPro/libnx/lib\libnx.a(vi.o)
                0x0000000000009670                viOpenDisplay
 .text.viCloseDisplay
                0x0000000000009780       0xf4 C:/devkitPro/libnx/lib\libnx.a(vi.o)
                0x0000000000009780                viCloseDisplay
 *fill*         0x0000000000009874        0xc 
 .text.viCloseLayer
                0x0000000000009880       0xfc C:/devkitPro/libnx/lib\libnx.a(vi.o)
                0x0000000000009880                viCloseLayer
 *fill*         0x000000000000997c        0x4 
 .text.viCreateLayer
                0x0000000000009980      0x38c C:/devkitPro/libnx/lib\libnx.a(vi.o)
                0x0000000000009980                viCreateLayer
 *fill*         0x0000000000009d0c        0x4 
 .text.viSetLayerScalingMode
                0x0000000000009d10       0xd8 C:/devkitPro/libnx/lib\libnx.a(vi.o)
                0x0000000000009d10                viSetLayerScalingMode
 *fill*         0x0000000000009de8        0x8 
 .text._apmCleanup
                0x0000000000009df0       0xc0 C:/devkitPro/libnx/lib\libnx.a(apm.o)
 .text._apmCmdGetSession.constprop.0
                0x0000000000009eb0       0xfc C:/devkitPro/libnx/lib\libnx.a(apm.o)
 *fill*         0x0000000000009fac        0x4 
 .text.apmInitialize
                0x0000000000009fb0       0xa0 C:/devkitPro/libnx/lib\libnx.a(apm.o)
                0x0000000000009fb0                apmInitialize
 .text.apmExit  0x000000000000a050       0x44 C:/devkitPro/libnx/lib\libnx.a(apm.o)
                0x000000000000a050                apmExit
 *fill*         0x000000000000a094        0xc 
 .text.apmSetPerformanceConfiguration
                0x000000000000a0a0       0xc8 C:/devkitPro/libnx/lib\libnx.a(apm.o)
                0x000000000000a0a0                apmSetPerformanceConfiguration
 *fill*         0x000000000000a168        0x8 
 .text._hidCleanup
                0x000000000000a170      0x108 C:/devkitPro/libnx/lib\libnx.a(hid.o)
 *fill*         0x000000000000a278        0x8 
 .text._hidCmdInAruidNoOut
                0x000000000000a280       0xd4 C:/devkitPro/libnx/lib\libnx.a(hid.o)
 *fill*         0x000000000000a354        0xc 
 .text._hidCmdInU32AruidNoOut
                0x000000000000a360       0xe0 C:/devkitPro/libnx/lib\libnx.a(hid.o)
 .text._hidGetStates
                0x000000000000a440      0x184 C:/devkitPro/libnx/lib\libnx.a(hid.o)
 *fill*         0x000000000000a5c4        0xc 
 .text._hidCreateAppletResource.constprop.0
                0x000000000000a5d0      0x118 C:/devkitPro/libnx/lib\libnx.a(hid.o)
 *fill*         0x000000000000a6e8        0x8 
 .text._hidCmdGetHandle.constprop.0
                0x000000000000a6f0       0xc8 C:/devkitPro/libnx/lib\libnx.a(hid.o)
 *fill*         0x000000000000a7b8        0x8 
 .text.hidInitialize
                0x000000000000a7c0       0xdc C:/devkitPro/libnx/lib\libnx.a(hid.o)
                0x000000000000a7c0                hidInitialize
 *fill*         0x000000000000a89c        0x4 
 .text.hidExit  0x000000000000a8a0       0x44 C:/devkitPro/libnx/lib\libnx.a(hid.o)
                0x000000000000a8a0                hidExit
 *fill*         0x000000000000a8e4        0xc 
 .text.hidGetSharedmemAddr
                0x000000000000a8f0        0xc C:/devkitPro/libnx/lib\libnx.a(hid.o)
                0x000000000000a8f0                hidGetSharedmemAddr
 *fill*         0x000000000000a8fc        0x4 
 .text.hidGetNpadStyleSet
                0x000000000000a900       0x94 C:/devkitPro/libnx/lib\libnx.a(hid.o)
                0x000000000000a900                hidGetNpadStyleSet
 *fill*         0x000000000000a994        0xc 
 .text.hidInitializeNpad
                0x000000000000a9a0       0x6c C:/devkitPro/libnx/lib\libnx.a(hid.o)
                0x000000000000a9a0                hidInitializeNpad
 *fill*         0x000000000000aa0c        0x4 
 .text.hidGetNpadStatesFullKey
                0x000000000000aa10       0xac C:/devkitPro/libnx/lib\libnx.a(hid.o)
                0x000000000000aa10                hidGetNpadStatesFullKey
 *fill*         0x000000000000aabc        0x4 
 .text.hidGetNpadStatesHandheld
                0x000000000000aac0       0xac C:/devkitPro/libnx/lib\libnx.a(hid.o)
                0x000000000000aac0                hidGetNpadStatesHandheld
 *fill*         0x000000000000ab6c        0x4 
 .text.hidGetNpadStatesJoyDual
                0x000000000000ab70       0xac C:/devkitPro/libnx/lib\libnx.a(hid.o)
                0x000000000000ab70                hidGetNpadStatesJoyDual
 *fill*         0x000000000000ac1c        0x4 
 .text.hidGetNpadStatesJoyLeft
                0x000000000000ac20       0xac C:/devkitPro/libnx/lib\libnx.a(hid.o)
                0x000000000000ac20                hidGetNpadStatesJoyLeft
 *fill*         0x000000000000accc        0x4 
 .text.hidGetNpadStatesJoyRight
                0x000000000000acd0       0xac C:/devkitPro/libnx/lib\libnx.a(hid.o)
                0x000000000000acd0                hidGetNpadStatesJoyRight
 *fill*         0x000000000000ad7c        0x4 
 .text.hidGetNpadStatesGc
                0x000000000000ad80      0x174 C:/devkitPro/libnx/lib\libnx.a(hid.o)
                0x000000000000ad80                hidGetNpadStatesGc
 *fill*         0x000000000000aef4        0xc 
 .text.hidGetNpadStatesSystemExt
                0x000000000000af00       0xb0 C:/devkitPro/libnx/lib\libnx.a(hid.o)
                0x000000000000af00                hidGetNpadStatesSystemExt
 .text.hidSetSupportedNpadStyleSet
                0x000000000000afb0        0x8 C:/devkitPro/libnx/lib\libnx.a(hid.o)
                0x000000000000afb0                hidSetSupportedNpadStyleSet
 *fill*         0x000000000000afb8        0x8 
 .text.hidSetSupportedNpadIdType
                0x000000000000afc0       0xfc C:/devkitPro/libnx/lib\libnx.a(hid.o)
                0x000000000000afc0                hidSetSupportedNpadIdType
 *fill*         0x000000000000b0bc        0x4 
 .text.framebufferMakeLinear
                0x000000000000b0c0       0x8c C:/devkitPro/libnx/lib\libnx.a(framebuffer.o)
                0x000000000000b0c0                framebufferMakeLinear
 *fill*         0x000000000000b14c        0x4 
 .text.framebufferClose
                0x000000000000b150       0x80 C:/devkitPro/libnx/lib\libnx.a(framebuffer.o)
                0x000000000000b150                framebufferClose
 .text.framebufferCreate
                0x000000000000b1d0      0x2b8 C:/devkitPro/libnx/lib\libnx.a(framebuffer.o)
                0x000000000000b1d0                framebufferCreate
 *fill*         0x000000000000b488        0x8 
 .text.framebufferBegin
                0x000000000000b490       0x88 C:/devkitPro/libnx/lib\libnx.a(framebuffer.o)
                0x000000000000b490                framebufferBegin
 *fill*         0x000000000000b518        0x8 
 .text.framebufferEnd
                0x000000000000b520      0x174 C:/devkitPro/libnx/lib\libnx.a(framebuffer.o)
                0x000000000000b520                framebufferEnd
 *fill*         0x000000000000b694        0xc 
 .text.nwindowGetDefault
                0x000000000000b6a0        0xc C:/devkitPro/libnx/lib\libnx.a(default_window.o)
                0x000000000000b6a0                nwindowGetDefault
 *fill*         0x000000000000b6ac        0x4 
 .text.__nx_win_init
                0x000000000000b6b0       0xc0 C:/devkitPro/libnx/lib\libnx.a(default_window.o)
                0x000000000000b6b0                __nx_win_init
 .text.__nx_win_exit
                0x000000000000b770       0x34 C:/devkitPro/libnx/lib\libnx.a(default_window.o)
                0x000000000000b770                __nx_win_exit
 *fill*         0x000000000000b7a4        0xc 
 .text.nwindowIsValid
                0x000000000000b7b0       0x24 C:/devkitPro/libnx/lib\libnx.a(native_window.o)
                0x000000000000b7b0                nwindowIsValid
 *fill*         0x000000000000b7d4        0xc 
 .text.nwindowClose
                0x000000000000b7e0       0x80 C:/devkitPro/libnx/lib\libnx.a(native_window.o)
                0x000000000000b7e0                nwindowClose
 .text.nwindowCreate
                0x000000000000b860       0xec C:/devkitPro/libnx/lib\libnx.a(native_window.o)
                0x000000000000b860                nwindowCreate
 *fill*         0x000000000000b94c        0x4 
 .text.nwindowCreateFromLayer
                0x000000000000b950       0x34 C:/devkitPro/libnx/lib\libnx.a(native_window.o)
                0x000000000000b950                nwindowCreateFromLayer
 *fill*         0x000000000000b984        0xc 
 .text.nwindowSetDimensions
                0x000000000000b990       0x88 C:/devkitPro/libnx/lib\libnx.a(native_window.o)
                0x000000000000b990                nwindowSetDimensions
 *fill*         0x000000000000ba18        0x8 
 .text.nwindowConfigureBuffer
                0x000000000000ba20      0x190 C:/devkitPro/libnx/lib\libnx.a(native_window.o)
                0x000000000000ba20                nwindowConfigureBuffer
 .text.nwindowDequeueBuffer
                0x000000000000bbb0      0x1d8 C:/devkitPro/libnx/lib\libnx.a(native_window.o)
                0x000000000000bbb0                nwindowDequeueBuffer
 *fill*         0x000000000000bd88        0x8 
 .text.nwindowQueueBuffer
                0x000000000000bd90      0x140 C:/devkitPro/libnx/lib\libnx.a(native_window.o)
                0x000000000000bd90                nwindowQueueBuffer
 .text.nwindowReleaseBuffers
                0x000000000000bed0       0x98 C:/devkitPro/libnx/lib\libnx.a(native_window.o)
                0x000000000000bed0                nwindowReleaseBuffers
 *fill*         0x000000000000bf68        0x8 
 .text.__nx_dynamic
                0x000000000000bf70       0xa0 C:/devkitPro/libnx/lib\libnx.a(dynamic.o)
                0x000000000000bf70                __nx_dynamic
 .text.__libnx_initheap
                0x000000000000c010       0xd8 C:/devkitPro/libnx/lib\libnx.a(init.o)
                0x000000000000c010                __libnx_initheap
 *fill*         0x000000000000c0e8        0x8 
 .text.__appInit
                0x000000000000c0f0       0xec C:/devkitPro/libnx/lib\libnx.a(init.o)
                0x000000000000c0f0                __appInit
 *fill*         0x000000000000c1dc        0x4 
 .text.__appExit
                0x000000000000c1e0       0x44 C:/devkitPro/libnx/lib\libnx.a(init.o)
                0x000000000000c1e0                __appExit
 *fill*         0x000000000000c224        0xc 
 .text.__libnx_init
                0x000000000000c230       0x2c C:/devkitPro/libnx/lib\libnx.a(init.o)
                0x000000000000c230                __libnx_init
 *fill*         0x000000000000c25c        0x4 
 .text.__libnx_exit
                0x000000000000c260       0x20 C:/devkitPro/libnx/lib\libnx.a(init.o)
                0x000000000000c260                __libnx_exit
 .text.__syscall_exit
                0x000000000000c280       0x1c C:/devkitPro/libnx/lib\libnx.a(newlib.o)
                0x000000000000c280                __syscall_exit
 *fill*         0x000000000000c29c        0x4 
 .text.__syscall_getreent
                0x000000000000c2a0       0x34 C:/devkitPro/libnx/lib\libnx.a(newlib.o)
                0x000000000000c2a0                __syscall_getreent
 *fill*         0x000000000000c2d4        0xc 
 .text.__syscall_lock_acquire
                0x000000000000c2e0        0x4 C:/devkitPro/libnx/lib\libnx.a(newlib.o)
                0x000000000000c2e0                __syscall_lock_acquire
 *fill*         0x000000000000c2e4        0xc 
 .text.__syscall_lock_release
                0x000000000000c2f0        0x4 C:/devkitPro/libnx/lib\libnx.a(newlib.o)
                0x000000000000c2f0                __syscall_lock_release
 *fill*         0x000000000000c2f4        0xc 
 .text.__syscall_lock_acquire_recursive
                0x000000000000c300        0x4 C:/devkitPro/libnx/lib\libnx.a(newlib.o)
                0x000000000000c300                __syscall_lock_acquire_recursive
 *fill*         0x000000000000c304        0xc 
 .text.__syscall_lock_release_recursive
                0x000000000000c310        0x4 C:/devkitPro/libnx/lib\libnx.a(newlib.o)
                0x000000000000c310                __syscall_lock_release_recursive
 *fill*         0x000000000000c314        0xc 
 .text.__libnx_init_time
                0x000000000000c320      0x228 C:/devkitPro/libnx/lib\libnx.a(newlib.o)
                0x000000000000c320                __libnx_init_time
 *fill*         0x000000000000c548        0x8 
 .text.newlibSetup
                0x000000000000c550       0x84 C:/devkitPro/libnx/lib\libnx.a(newlib.o)
                0x000000000000c550                newlibSetup
 *fill*         0x000000000000c5d4        0xc 
 .text.argvSetup
                0x000000000000c5e0      0x320 C:/devkitPro/libnx/lib\libnx.a(argv.o)
                0x000000000000c5e0                argvSetup
 .text.fsdev_link
                0x000000000000c900       0x14 C:/devkitPro/libnx/lib\libnx.a(fs_dev.o)
 *fill*         0x000000000000c914        0xc 
 .text.fsdev_dirreset
                0x000000000000c920       0x14 C:/devkitPro/libnx/lib\libnx.a(fs_dev.o)
 *fill*         0x000000000000c934        0xc 
 .text.fsdev_chmod
                0x000000000000c940       0x14 C:/devkitPro/libnx/lib\libnx.a(fs_dev.o)
 *fill*         0x000000000000c954        0xc 
 .text.error_cmp
                0x000000000000c960       0x18 C:/devkitPro/libnx/lib\libnx.a(fs_dev.o)
 *fill*         0x000000000000c978        0x8 
 .text.fsdev_dirclose
                0x000000000000c980       0x20 C:/devkitPro/libnx/lib\libnx.a(fs_dev.o)
 .text.fsdev_close
                0x000000000000c9a0       0x1c C:/devkitPro/libnx/lib\libnx.a(fs_dev.o)
 *fill*         0x000000000000c9bc        0x4 
 .text.fsdev_converttimetoutc
                0x000000000000c9c0       0x80 C:/devkitPro/libnx/lib\libnx.a(fs_dev.o)
 .text.fsdevFindDevice.part.0
                0x000000000000ca40       0xb8 C:/devkitPro/libnx/lib\libnx.a(fs_dev.o)
 *fill*         0x000000000000caf8        0x8 
 .text.fsdev_fixpath
                0x000000000000cb00      0x1e0 C:/devkitPro/libnx/lib\libnx.a(fs_dev.o)
 .text._fsdevUnmountDeviceStruct.part.0
                0x000000000000cce0       0xa0 C:/devkitPro/libnx/lib\libnx.a(fs_dev.o)
 .text.fsdev_fchmod
                0x000000000000cd80       0x14 C:/devkitPro/libnx/lib\libnx.a(fs_dev.o)
 *fill*         0x000000000000cd94        0xc 
 .text.fsdev_diropen
                0x000000000000cda0      0x108 C:/devkitPro/libnx/lib\libnx.a(fs_dev.o)
 *fill*         0x000000000000cea8        0x8 
 .text.fsdev_fsync
                0x000000000000ceb0       0x7c C:/devkitPro/libnx/lib\libnx.a(fs_dev.o)
 *fill*         0x000000000000cf2c        0x4 
 .text.fsdev_fstat
                0x000000000000cf30      0x108 C:/devkitPro/libnx/lib\libnx.a(fs_dev.o)
 *fill*         0x000000000000d038        0x8 
 .text.fsdev_ftruncate
                0x000000000000d040       0x94 C:/devkitPro/libnx/lib\libnx.a(fs_dev.o)
 *fill*         0x000000000000d0d4        0xc 
 .text.fsdev_stat
                0x000000000000d0e0      0x1f8 C:/devkitPro/libnx/lib\libnx.a(fs_dev.o)
 *fill*         0x000000000000d2d8        0x8 
 .text.fsdev_rename
                0x000000000000d2e0      0x154 C:/devkitPro/libnx/lib\libnx.a(fs_dev.o)
 *fill*         0x000000000000d434        0xc 
 .text.fsdev_chdir
                0x000000000000d440      0x148 C:/devkitPro/libnx/lib\libnx.a(fs_dev.o)
 *fill*         0x000000000000d588        0x8 
 .text.fsdev_mkdir
                0x000000000000d590       0xac C:/devkitPro/libnx/lib\libnx.a(fs_dev.o)
 *fill*         0x000000000000d63c        0x4 
 .text.fsdev_unlink
                0x000000000000d640       0xac C:/devkitPro/libnx/lib\libnx.a(fs_dev.o)
 *fill*         0x000000000000d6ec        0x4 
 .text.fsdev_rmdir
                0x000000000000d6f0       0xac C:/devkitPro/libnx/lib\libnx.a(fs_dev.o)
 *fill*         0x000000000000d79c        0x4 
 .text.fsdev_statvfs
                0x000000000000d7a0      0x104 C:/devkitPro/libnx/lib\libnx.a(fs_dev.o)
 *fill*         0x000000000000d8a4        0xc 
 .text.fsdev_write_safe
                0x000000000000d8b0      0x13c C:/devkitPro/libnx/lib\libnx.a(fs_dev.o)
 *fill*         0x000000000000d9ec        0x4 
 .text.fsdev_read_safe
                0x000000000000d9f0      0x13c C:/devkitPro/libnx/lib\libnx.a(fs_dev.o)
 *fill*         0x000000000000db2c        0x4 
 .text.fsdev_read
                0x000000000000db30      0x104 C:/devkitPro/libnx/lib\libnx.a(fs_dev.o)
 *fill*         0x000000000000dc34        0xc 
 .text.fsdev_dirnext
                0x000000000000dc40      0x1d4 C:/devkitPro/libnx/lib\libnx.a(fs_dev.o)
 *fill*         0x000000000000de14        0xc 
 .text.fsdev_write
                0x000000000000de20      0x124 C:/devkitPro/libnx/lib\libnx.a(fs_dev.o)
 *fill*         0x000000000000df44        0xc 
 .text.fsdev_seek
                0x000000000000df50       0xe4 C:/devkitPro/libnx/lib\libnx.a(fs_dev.o)
 *fill*         0x000000000000e034        0xc 
 .text.fsdev_open
                0x000000000000e040      0x238 C:/devkitPro/libnx/lib\libnx.a(fs_dev.o)
 *fill*         0x000000000000e278        0x8 
 .text.fsdevMountDevice
                0x000000000000e280      0x26c C:/devkitPro/libnx/lib\libnx.a(fs_dev.o)
                0x000000000000e280                fsdevMountDevice
 *fill*         0x000000000000e4ec        0x4 
 .text.fsdevMountSdmc
                0x000000000000e4f0       0x48 C:/devkitPro/libnx/lib\libnx.a(fs_dev.o)
                0x000000000000e4f0                fsdevMountSdmc
 *fill*         0x000000000000e538        0x8 
 .text.__libnx_init_cwd
                0x000000000000e540       0xcc C:/devkitPro/libnx/lib\libnx.a(fs_dev.o)
                0x000000000000e540                __libnx_init_cwd
 *fill*         0x000000000000e60c        0x4 
 .text.fsdevUnmountAll
                0x000000000000e610       0x64 C:/devkitPro/libnx/lib\libnx.a(fs_dev.o)
                0x000000000000e610                fsdevUnmountAll
 *fill*         0x000000000000e674        0xc 
 .text.encode_utf16
                0x000000000000e680       0x5c C:/devkitPro/libnx/lib\libnx.a(encode_utf16.o)
                0x000000000000e680                encode_utf16
 *fill*         0x000000000000e6dc        0x4 
 .text.encode_utf8
                0x000000000000e6e0       0xd4 C:/devkitPro/libnx/lib\libnx.a(encode_utf8.o)
                0x000000000000e6e0                encode_utf8
 *fill*         0x000000000000e7b4        0xc 
 .text.decode_utf8
                0x000000000000e7c0      0x12c C:/devkitPro/libnx/lib\libnx.a(decode_utf8.o)
                0x000000000000e7c0                decode_utf8
 .text.armDCacheFlush
                0x000000000000e8ec       0x3c C:/devkitPro/libnx/lib\libnx.a(cache.o)
                0x000000000000e8ec                armDCacheFlush
 .text.__libnx_exception_entry
                0x000000000000e928      0x1c0 C:/devkitPro/libnx/lib\libnx.a(exception.o)
                0x000000000000e928                __libnx_exception_entry
 .text.__libnx_exception_returnentry
                0x000000000000eae8       0x18 C:/devkitPro/libnx/lib\libnx.a(exception.o)
                0x000000000000eae8                __libnx_exception_returnentry
 .text.__aarch64_read_tp
                0x000000000000eb00        0xc C:/devkitPro/libnx/lib\libnx.a(readtp.o)
                0x000000000000eb00                __aarch64_read_tp
 *fill*         0x000000000000eb0c        0x4 
 .text.shmemLoadRemote
                0x000000000000eb10       0x14 C:/devkitPro/libnx/lib\libnx.a(shmem.o)
                0x000000000000eb10                shmemLoadRemote
 *fill*         0x000000000000eb24        0xc 
 .text.shmemMap
                0x000000000000eb30       0x88 C:/devkitPro/libnx/lib\libnx.a(shmem.o)
                0x000000000000eb30                shmemMap
 *fill*         0x000000000000ebb8        0x8 
 .text.shmemUnmap
                0x000000000000ebc0       0x34 C:/devkitPro/libnx/lib\libnx.a(shmem.o)
                0x000000000000ebc0                shmemUnmap
 *fill*         0x000000000000ebf4        0xc 
 .text.shmemClose
                0x000000000000ec00       0x44 C:/devkitPro/libnx/lib\libnx.a(shmem.o)
                0x000000000000ec00                shmemClose
 *fill*         0x000000000000ec44        0xc 
 .text.condvarWaitTimeout
                0x000000000000ec50       0x64 C:/devkitPro/libnx/lib\libnx.a(condvar.o)
                0x000000000000ec50                condvarWaitTimeout
 *fill*         0x000000000000ecb4        0xc 
 .text.__libnx_init_thread
                0x000000000000ecc0       0xac C:/devkitPro/libnx/lib\libnx.a(thread.o)
                0x000000000000ecc0                __libnx_init_thread
 *fill*         0x000000000000ed6c        0x4 
 .text._setsysGetFirmwareVersionImpl
                0x000000000000ed70       0xd4 C:/devkitPro/libnx/lib\libnx.a(set.o)
 *fill*         0x000000000000ee44        0xc 
 .text._setsysCleanup
                0x000000000000ee50       0x68 C:/devkitPro/libnx/lib\libnx.a(set.o)
 *fill*         0x000000000000eeb8        0x8 
 .text.setsysInitialize
                0x000000000000eec0       0xa0 C:/devkitPro/libnx/lib\libnx.a(set.o)
                0x000000000000eec0                setsysInitialize
 .text.setsysExit
                0x000000000000ef60       0x44 C:/devkitPro/libnx/lib\libnx.a(set.o)
                0x000000000000ef60                setsysExit
 *fill*         0x000000000000efa4        0xc 
 .text.setsysGetFirmwareVersion
                0x000000000000efb0       0x44 C:/devkitPro/libnx/lib\libnx.a(set.o)
                0x000000000000efb0                setsysGetFirmwareVersion
 *fill*         0x000000000000eff4        0xc 
 .text._fsCleanup
                0x000000000000f000       0xb4 C:/devkitPro/libnx/lib\libnx.a(fs.o)
 *fill*         0x000000000000f0b4        0xc 
 .text._fsCmdNoIO
                0x000000000000f0c0      0x1b0 C:/devkitPro/libnx/lib\libnx.a(fs.o)
 .text._fsFsCmdWithInPath
                0x000000000000f270      0x1d4 C:/devkitPro/libnx/lib\libnx.a(fs.o)
 *fill*         0x000000000000f444        0xc 
 .text._fsFsCmdWithTwoInPaths
                0x000000000000f450      0x1fc C:/devkitPro/libnx/lib\libnx.a(fs.o)
 *fill*         0x000000000000f64c        0x4 
 .text._fsFsOpenCommon
                0x000000000000f650      0x23c C:/devkitPro/libnx/lib\libnx.a(fs.o)
 *fill*         0x000000000000f88c        0x4 
 .text._fsFsCmdWithInPathAndOutU64
                0x000000000000f890      0x1f0 C:/devkitPro/libnx/lib\libnx.a(fs.o)
 .text._fsObjectClose
                0x000000000000fa80       0xf4 C:/devkitPro/libnx/lib\libnx.a(fs.o)
 *fill*         0x000000000000fb74        0xc 
 .text._fsCmdGetSession.constprop.0
                0x000000000000fb80      0x17c C:/devkitPro/libnx/lib\libnx.a(fs.o)
 *fill*         0x000000000000fcfc        0x4 
 .text.fsInitialize
                0x000000000000fd00      0x318 C:/devkitPro/libnx/lib\libnx.a(fs.o)
                0x000000000000fd00                fsInitialize
 *fill*         0x0000000000010018        0x8 
 .text.fsExit   0x0000000000010020       0x44 C:/devkitPro/libnx/lib\libnx.a(fs.o)
                0x0000000000010020                fsExit
 *fill*         0x0000000000010064        0xc 
 .text.fsOpenSdCardFileSystem
                0x0000000000010070        0x8 C:/devkitPro/libnx/lib\libnx.a(fs.o)
                0x0000000000010070                fsOpenSdCardFileSystem
 *fill*         0x0000000000010078        0x8 
 .text.fsFsCreateFile
                0x0000000000010080      0x1e4 C:/devkitPro/libnx/lib\libnx.a(fs.o)
                0x0000000000010080                fsFsCreateFile
 *fill*         0x0000000000010264        0xc 
 .text.fsFsDeleteFile
                0x0000000000010270        0x8 C:/devkitPro/libnx/lib\libnx.a(fs.o)
                0x0000000000010270                fsFsDeleteFile
 *fill*         0x0000000000010278        0x8 
 .text.fsFsCreateDirectory
                0x0000000000010280        0x8 C:/devkitPro/libnx/lib\libnx.a(fs.o)
                0x0000000000010280                fsFsCreateDirectory
 *fill*         0x0000000000010288        0x8 
 .text.fsFsDeleteDirectory
                0x0000000000010290        0x8 C:/devkitPro/libnx/lib\libnx.a(fs.o)
                0x0000000000010290                fsFsDeleteDirectory
 *fill*         0x0000000000010298        0x8 
 .text.fsFsRenameFile
                0x00000000000102a0        0x8 C:/devkitPro/libnx/lib\libnx.a(fs.o)
                0x00000000000102a0                fsFsRenameFile
 *fill*         0x00000000000102a8        0x8 
 .text.fsFsRenameDirectory
                0x00000000000102b0        0x8 C:/devkitPro/libnx/lib\libnx.a(fs.o)
                0x00000000000102b0                fsFsRenameDirectory
 *fill*         0x00000000000102b8        0x8 
 .text.fsFsGetEntryType
                0x00000000000102c0      0x1ec C:/devkitPro/libnx/lib\libnx.a(fs.o)
                0x00000000000102c0                fsFsGetEntryType
 *fill*         0x00000000000104ac        0x4 
 .text.fsFsOpenFile
                0x00000000000104b0        0x8 C:/devkitPro/libnx/lib\libnx.a(fs.o)
                0x00000000000104b0                fsFsOpenFile
 *fill*         0x00000000000104b8        0x8 
 .text.fsFsOpenDirectory
                0x00000000000104c0        0x8 C:/devkitPro/libnx/lib\libnx.a(fs.o)
                0x00000000000104c0                fsFsOpenDirectory
 *fill*         0x00000000000104c8        0x8 
 .text.fsFsGetFreeSpace
                0x00000000000104d0        0x8 C:/devkitPro/libnx/lib\libnx.a(fs.o)
                0x00000000000104d0                fsFsGetFreeSpace
 *fill*         0x00000000000104d8        0x8 
 .text.fsFsGetTotalSpace
                0x00000000000104e0        0x8 C:/devkitPro/libnx/lib\libnx.a(fs.o)
                0x00000000000104e0                fsFsGetTotalSpace
 *fill*         0x00000000000104e8        0x8 
 .text.fsFsGetFileTimeStampRaw
                0x00000000000104f0      0x230 C:/devkitPro/libnx/lib\libnx.a(fs.o)
                0x00000000000104f0                fsFsGetFileTimeStampRaw
 .text.fsFsClose
                0x0000000000010720        0x4 C:/devkitPro/libnx/lib\libnx.a(fs.o)
                0x0000000000010720                fsFsClose
 *fill*         0x0000000000010724        0xc 
 .text.fsFileRead
                0x0000000000010730      0x210 C:/devkitPro/libnx/lib\libnx.a(fs.o)
                0x0000000000010730                fsFileRead
 .text.fsFileWrite
                0x0000000000010940      0x200 C:/devkitPro/libnx/lib\libnx.a(fs.o)
                0x0000000000010940                fsFileWrite
 .text.fsFileFlush
                0x0000000000010b40        0x8 C:/devkitPro/libnx/lib\libnx.a(fs.o)
                0x0000000000010b40                fsFileFlush
 *fill*         0x0000000000010b48        0x8 
 .text.fsFileSetSize
                0x0000000000010b50      0x1b4 C:/devkitPro/libnx/lib\libnx.a(fs.o)
                0x0000000000010b50                fsFileSetSize
 *fill*         0x0000000000010d04        0xc 
 .text.fsFileGetSize
                0x0000000000010d10      0x1c4 C:/devkitPro/libnx/lib\libnx.a(fs.o)
                0x0000000000010d10                fsFileGetSize
 *fill*         0x0000000000010ed4        0xc 
 .text.fsFileClose
                0x0000000000010ee0        0x4 C:/devkitPro/libnx/lib\libnx.a(fs.o)
                0x0000000000010ee0                fsFileClose
 *fill*         0x0000000000010ee4        0xc 
 .text.fsDirClose
                0x0000000000010ef0        0x4 C:/devkitPro/libnx/lib\libnx.a(fs.o)
                0x0000000000010ef0                fsDirClose
 *fill*         0x0000000000010ef4        0xc 
 .text.fsDirRead
                0x0000000000010f00      0x204 C:/devkitPro/libnx/lib\libnx.a(fs.o)
                0x0000000000010f00                fsDirRead
 *fill*         0x0000000000011104        0xc 
 .text._nvSetClientPID
                0x0000000000011110       0xcc C:/devkitPro/libnx/lib\libnx.a(nv.o)
 *fill*         0x00000000000111dc        0x4 
 .text._nvCleanup
                0x00000000000111e0       0xd0 C:/devkitPro/libnx/lib\libnx.a(nv.o)
 .text._nvCmdInitialize.constprop.0
                0x00000000000112b0       0xd4 C:/devkitPro/libnx/lib\libnx.a(nv.o)
 *fill*         0x0000000000011384        0xc 
 .text.__nx_nv_create_tmem
                0x0000000000011390       0x1c C:/devkitPro/libnx/lib\libnx.a(nv.o)
                0x0000000000011390                __nx_nv_create_tmem
 *fill*         0x00000000000113ac        0x4 
 .text.nvInitialize
                0x00000000000113b0      0x220 C:/devkitPro/libnx/lib\libnx.a(nv.o)
                0x00000000000113b0                nvInitialize
 .text.nvExit   0x00000000000115d0       0x44 C:/devkitPro/libnx/lib\libnx.a(nv.o)
                0x00000000000115d0                nvExit
 *fill*         0x0000000000011614        0xc 
 .text.nvConvertError
                0x0000000000011620      0x140 C:/devkitPro/libnx/lib\libnx.a(nv.o)
                0x0000000000011620                nvConvertError
 .text.nvOpen   0x0000000000011760      0x114 C:/devkitPro/libnx/lib\libnx.a(nv.o)
                0x0000000000011760                nvOpen
 *fill*         0x0000000000011874        0xc 
 .text.nvIoctl  0x0000000000011880      0x290 C:/devkitPro/libnx/lib\libnx.a(nv.o)
                0x0000000000011880                nvIoctl
 .text.nvClose  0x0000000000011b10       0xd8 C:/devkitPro/libnx/lib\libnx.a(nv.o)
                0x0000000000011b10                nvClose
 *fill*         0x0000000000011be8        0x8 
 .text.nvQueryEvent
                0x0000000000011bf0      0x108 C:/devkitPro/libnx/lib\libnx.a(nv.o)
                0x0000000000011bf0                nvQueryEvent
 *fill*         0x0000000000011cf8        0x8 
 .text._timeCleanup
                0x0000000000011d00      0x228 C:/devkitPro/libnx/lib\libnx.a(time.o)
 *fill*         0x0000000000011f28        0x8 
 .text._timeCmdNoInOutU64.constprop.0
                0x0000000000011f30       0xc8 C:/devkitPro/libnx/lib\libnx.a(time.o)
 *fill*         0x0000000000011ff8        0x8 
 .text._timeCmdGetSession.constprop.0
                0x0000000000012000      0x100 C:/devkitPro/libnx/lib\libnx.a(time.o)
 .text._timeGetSharedMemoryNativeHandle.constprop.0
                0x0000000000012100       0xcc C:/devkitPro/libnx/lib\libnx.a(time.o)
 *fill*         0x00000000000121cc        0x4 
 .text._timeReadClockFromSharedMem
                0x00000000000121d0      0x110 C:/devkitPro/libnx/lib\libnx.a(time.o)
 .text.timeInitialize
                0x00000000000122e0      0x238 C:/devkitPro/libnx/lib\libnx.a(time.o)
                0x00000000000122e0                timeInitialize
 *fill*         0x0000000000012518        0x8 
 .text.timeExit
                0x0000000000012520       0x44 C:/devkitPro/libnx/lib\libnx.a(time.o)
                0x0000000000012520                timeExit
 *fill*         0x0000000000012564        0xc 
 .text.timeGetServiceSession_SystemClock
                0x0000000000012570       0x38 C:/devkitPro/libnx/lib\libnx.a(time.o)
                0x0000000000012570                timeGetServiceSession_SystemClock
 *fill*         0x00000000000125a8        0x8 
 .text.timeGetCurrentTime
                0x00000000000125b0       0x5c C:/devkitPro/libnx/lib\libnx.a(time.o)
                0x00000000000125b0                timeGetCurrentTime
 *fill*         0x000000000001260c        0x4 
 .text.timeToCalendarTimeWithMyRule
                0x0000000000012610      0x110 C:/devkitPro/libnx/lib\libnx.a(time.o)
                0x0000000000012610                timeToCalendarTimeWithMyRule
 .text.timeToPosixTimeWithMyRule
                0x0000000000012720      0x104 C:/devkitPro/libnx/lib\libnx.a(time.o)
                0x0000000000012720                timeToPosixTimeWithMyRule
 *fill*         0x0000000000012824        0xc 
 .text._nvFenceCleanup
                0x0000000000012830       0x7c C:/devkitPro/libnx/lib\libnx.a(fence.o)
 *fill*         0x00000000000128ac        0x4 
 .text.nvFenceInit
                0x00000000000128b0       0x98 C:/devkitPro/libnx/lib\libnx.a(fence.o)
                0x00000000000128b0                nvFenceInit
 *fill*         0x0000000000012948        0x8 
 .text.nvFenceExit
                0x0000000000012950       0x44 C:/devkitPro/libnx/lib\libnx.a(fence.o)
                0x0000000000012950                nvFenceExit
 *fill*         0x0000000000012994        0xc 
 .text.nvFenceWait
                0x00000000000129a0      0x234 C:/devkitPro/libnx/lib\libnx.a(fence.o)
                0x00000000000129a0                nvFenceWait
 *fill*         0x0000000000012bd4        0xc 
 .text.nvMultiFenceWait
                0x0000000000012be0       0x74 C:/devkitPro/libnx/lib\libnx.a(fence.o)
                0x0000000000012be0                nvMultiFenceWait
 *fill*         0x0000000000012c54        0xc 
 .text.nvMapInit
                0x0000000000012c60       0xb4 C:/devkitPro/libnx/lib\libnx.a(map.o)
                0x0000000000012c60                nvMapInit
 *fill*         0x0000000000012d14        0xc 
 .text.nvMapExit
                0x0000000000012d20       0x6c C:/devkitPro/libnx/lib\libnx.a(map.o)
                0x0000000000012d20                nvMapExit
 *fill*         0x0000000000012d8c        0x4 
 .text.nvMapClose
                0x0000000000012d90       0x80 C:/devkitPro/libnx/lib\libnx.a(map.o)
                0x0000000000012d90                nvMapClose
 .text.nvMapCreate
                0x0000000000012e10      0x160 C:/devkitPro/libnx/lib\libnx.a(map.o)
                0x0000000000012e10                nvMapCreate
 .text.nvioctlNvhostCtrl_EventSignal
                0x0000000000012f70       0x28 C:/devkitPro/libnx/lib\libnx.a(nvhost-ctrl.o)
                0x0000000000012f70                nvioctlNvhostCtrl_EventSignal
 *fill*         0x0000000000012f98        0x8 
 .text.nvioctlNvhostCtrl_EventWait
                0x0000000000012fa0       0x44 C:/devkitPro/libnx/lib\libnx.a(nvhost-ctrl.o)
                0x0000000000012fa0                nvioctlNvhostCtrl_EventWait
 *fill*         0x0000000000012fe4        0xc 
 .text.nvioctlNvhostCtrl_EventWaitAsync
                0x0000000000012ff0       0x30 C:/devkitPro/libnx/lib\libnx.a(nvhost-ctrl.o)
                0x0000000000012ff0                nvioctlNvhostCtrl_EventWaitAsync
 .text.nvioctlNvhostCtrl_EventRegister
                0x0000000000013020       0x28 C:/devkitPro/libnx/lib\libnx.a(nvhost-ctrl.o)
                0x0000000000013020                nvioctlNvhostCtrl_EventRegister
 *fill*         0x0000000000013048        0x8 
 .text.nvioctlNvhostCtrl_EventUnregister
                0x0000000000013050       0x28 C:/devkitPro/libnx/lib\libnx.a(nvhost-ctrl.o)
                0x0000000000013050                nvioctlNvhostCtrl_EventUnregister
 *fill*         0x0000000000013078        0x8 
 .text.nvioctlNvmap_Create
                0x0000000000013080       0x40 C:/devkitPro/libnx/lib\libnx.a(nvmap.o)
                0x0000000000013080                nvioctlNvmap_Create
 .text.nvioctlNvmap_Alloc
                0x00000000000130c0       0x40 C:/devkitPro/libnx/lib\libnx.a(nvmap.o)
                0x00000000000130c0                nvioctlNvmap_Alloc
 .text.nvioctlNvmap_Free
                0x0000000000013100       0x30 C:/devkitPro/libnx/lib\libnx.a(nvmap.o)
                0x0000000000013100                nvioctlNvmap_Free
 .text.nvioctlNvmap_GetId
                0x0000000000013130       0x40 C:/devkitPro/libnx/lib\libnx.a(nvmap.o)
                0x0000000000013130                nvioctlNvmap_GetId
 .text.bqRequestBuffer
                0x0000000000013170       0xd8 C:/devkitPro/libnx/lib\libnx.a(buffer_producer.o)
                0x0000000000013170                bqRequestBuffer
 *fill*         0x0000000000013248        0x8 
 .text.bqDequeueBuffer
                0x0000000000013250      0x160 C:/devkitPro/libnx/lib\libnx.a(buffer_producer.o)
                0x0000000000013250                bqDequeueBuffer
 .text.bqQueueBuffer
                0x00000000000133b0       0xdc C:/devkitPro/libnx/lib\libnx.a(buffer_producer.o)
                0x00000000000133b0                bqQueueBuffer
 *fill*         0x000000000001348c        0x4 
 .text.bqCancelBuffer
                0x0000000000013490       0x94 C:/devkitPro/libnx/lib\libnx.a(buffer_producer.o)
                0x0000000000013490                bqCancelBuffer
 *fill*         0x0000000000013524        0xc 
 .text.bqConnect
                0x0000000000013530       0xe4 C:/devkitPro/libnx/lib\libnx.a(buffer_producer.o)
                0x0000000000013530                bqConnect
 *fill*         0x0000000000013614        0xc 
 .text.bqDisconnect
                0x0000000000013620       0x9c C:/devkitPro/libnx/lib\libnx.a(buffer_producer.o)
                0x0000000000013620                bqDisconnect
 *fill*         0x00000000000136bc        0x4 
 .text.bqSetPreallocatedBuffer
                0x00000000000136c0      0x174 C:/devkitPro/libnx/lib\libnx.a(buffer_producer.o)
                0x00000000000136c0                bqSetPreallocatedBuffer
 *fill*         0x0000000000013834        0xc 
 .text.binderCreate
                0x0000000000013840       0x18 C:/devkitPro/libnx/lib\libnx.a(binder.o)
                0x0000000000013840                binderCreate
 *fill*         0x0000000000013858        0x8 
 .text.binderTransactParcel
                0x0000000000013860      0x3b0 C:/devkitPro/libnx/lib\libnx.a(binder.o)
                0x0000000000013860                binderTransactParcel
 .text.binderConvertErrorCode
                0x0000000000013c10      0x124 C:/devkitPro/libnx/lib\libnx.a(binder.o)
                0x0000000000013c10                binderConvertErrorCode
 *fill*         0x0000000000013d34        0xc 
 .text.binderAdjustRefcount
                0x0000000000013d40      0x124 C:/devkitPro/libnx/lib\libnx.a(binder.o)
                0x0000000000013d40                binderAdjustRefcount
 *fill*         0x0000000000013e64        0xc 
 .text.binderInitSession
                0x0000000000013e70       0x98 C:/devkitPro/libnx/lib\libnx.a(binder.o)
                0x0000000000013e70                binderInitSession
 *fill*         0x0000000000013f08        0x8 
 .text.binderClose
                0x0000000000013f10       0x68 C:/devkitPro/libnx/lib\libnx.a(binder.o)
                0x0000000000013f10                binderClose
 *fill*         0x0000000000013f78        0x8 
 .text.binderGetNativeHandle
                0x0000000000013f80      0x158 C:/devkitPro/libnx/lib\libnx.a(binder.o)
                0x0000000000013f80                binderGetNativeHandle
 *fill*         0x00000000000140d8        0x8 
 .text.parcelCreate
                0x00000000000140e0       0x30 C:/devkitPro/libnx/lib\libnx.a(parcel.o)
                0x00000000000140e0                parcelCreate
 .text.parcelTransact
                0x0000000000014110      0x19c C:/devkitPro/libnx/lib\libnx.a(parcel.o)
                0x0000000000014110                parcelTransact
 *fill*         0x00000000000142ac        0x4 
 .text.parcelWriteData
                0x00000000000142b0       0x88 C:/devkitPro/libnx/lib\libnx.a(parcel.o)
                0x00000000000142b0                parcelWriteData
 *fill*         0x0000000000014338        0x8 
 .text.parcelReadData
                0x0000000000014340       0x98 C:/devkitPro/libnx/lib\libnx.a(parcel.o)
                0x0000000000014340                parcelReadData
 *fill*         0x00000000000143d8        0x8 
 .text.parcelWriteInt32
                0x00000000000143e0       0x20 C:/devkitPro/libnx/lib\libnx.a(parcel.o)
                0x00000000000143e0                parcelWriteInt32
 .text.parcelWriteUInt32
                0x0000000000014400       0x20 C:/devkitPro/libnx/lib\libnx.a(parcel.o)
                0x0000000000014400                parcelWriteUInt32
 .text.parcelWriteString16
                0x0000000000014420       0x7c C:/devkitPro/libnx/lib\libnx.a(parcel.o)
                0x0000000000014420                parcelWriteString16
 *fill*         0x000000000001449c        0x4 
 .text.parcelWriteInterfaceToken
                0x00000000000144a0       0x30 C:/devkitPro/libnx/lib\libnx.a(parcel.o)
                0x00000000000144a0                parcelWriteInterfaceToken
 .text.parcelReadInt32
                0x00000000000144d0       0x24 C:/devkitPro/libnx/lib\libnx.a(parcel.o)
                0x00000000000144d0                parcelReadInt32
 *fill*         0x00000000000144f4        0xc 
 .text.parcelReadFlattenedObject
                0x0000000000014500       0x68 C:/devkitPro/libnx/lib\libnx.a(parcel.o)
                0x0000000000014500                parcelReadFlattenedObject
 *fill*         0x0000000000014568        0x8 
 .text.parcelWriteFlattenedObject
                0x0000000000014570       0x4c C:/devkitPro/libnx/lib\libnx.a(parcel.o)
                0x0000000000014570                parcelWriteFlattenedObject
 *fill*         0x00000000000145bc        0x4 
 .text.nxlinkSetup
                0x00000000000145c0       0xc4 C:/devkitPro/libnx/lib\libnx.a(nxlink.o)
                0x00000000000145c0                nxlinkSetup
 *fill*         0x0000000000014684        0xc 
 .text.sessionmgrCreate
                0x0000000000014690      0x180 C:/devkitPro/libnx/lib\libnx.a(sessionmgr.o)
                0x0000000000014690                sessionmgrCreate
 .text.sessionmgrClose
                0x0000000000014810       0x84 C:/devkitPro/libnx/lib\libnx.a(sessionmgr.o)
                0x0000000000014810                sessionmgrClose
 *fill*         0x0000000000014894        0xc 
 .text.sessionmgrAttachClient
                0x00000000000148a0       0xb4 C:/devkitPro/libnx/lib\libnx.a(sessionmgr.o)
                0x00000000000148a0                sessionmgrAttachClient
 *fill*         0x0000000000014954        0xc 
 .text.sessionmgrDetachClient
                0x0000000000014960       0x70 C:/devkitPro/libnx/lib\libnx.a(sessionmgr.o)
                0x0000000000014960                sessionmgrDetachClient
 .text.aligned_alloc
                0x00000000000149d0       0x2c c:/devkitpro/devkita64/bin/../lib/gcc/aarch64-none-elf/11.1.0/../../../../aarch64-none-elf/lib/pic\libg.a(lib_a-aligned_alloc.o)
                0x00000000000149d0                aligned_alloc
 *fill*         0x00000000000149fc        0x4 
 .text.bsearch  0x0000000000014a00       0xb8 c:/devkitpro/devkita64/bin/../lib/gcc/aarch64-none-elf/11.1.0/../../../../aarch64-none-elf/lib/pic\libg.a(lib_a-bsearch.o)
                0x0000000000014a00                bsearch
 *fill*         0x0000000000014ab8        0x8 
 .text.__errno  0x0000000000014ac0       0x14 c:/devkitpro/devkita64/bin/../lib/gcc/aarch64-none-elf/11.1.0/../../../../aarch64-none-elf/lib/pic\libg.a(lib_a-errno.o)
                0x0000000000014ac0                __errno
 *fill*         0x0000000000014ad4        0xc 
 .text._fclose_r
                0x0000000000014ae0      0x15c c:/devkitpro/devkita64/bin/../lib/gcc/aarch64-none-elf/11.1.0/../../../../aarch64-none-elf/lib/pic\libg.a(lib_a-fclose.o)
                0x0000000000014ae0                _fclose_r
 *fill*         0x0000000000014c3c        0x4 
 .text.fclose   0x0000000000014c40       0x24 c:/devkitpro/devkita64/bin/../lib/gcc/aarch64-none-elf/11.1.0/../../../../aarch64-none-elf/lib/pic\libg.a(lib_a-fclose.o)
                0x0000000000014c40                fclose
 *fill*         0x0000000000014c64        0xc 
 .text.__sflush_r
                0x0000000000014c70      0x228 c:/devkitpro/devkita64/bin/../lib/gcc/aarch64-none-elf/11.1.0/../../../../aarch64-none-elf/lib/pic\libg.a(lib_a-fflush.o)
                0x0000000000014c70                __sflush_r
 *fill*         0x0000000000014e98        0x8 
 .text._fflush_r
                0x0000000000014ea0       0xb8 c:/devkitpro/devkita64/bin/../lib/gcc/aarch64-none-elf/11.1.0/../../../../aarch64-none-elf/lib/pic\libg.a(lib_a-fflush.o)
                0x0000000000014ea0                _fflush_r
 *fill*         0x0000000000014f58        0x8 
 .text.fflush   0x0000000000014f60       0x40 c:/devkitpro/devkita64/bin/../lib/gcc/aarch64-none-elf/11.1.0/../../../../aarch64-none-elf/lib/pic\libg.a(lib_a-fflush.o)
                0x0000000000014f60                fflush
 .text._fgets_r
                0x0000000000014fa0      0x1a4 c:/devkitpro/devkita64/bin/../lib/gcc/aarch64-none-elf/11.1.0/../../../../aarch64-none-elf/lib/pic\libg.a(lib_a-fgets.o)
                0x0000000000014fa0                _fgets_r
 *fill*         0x0000000000015144        0xc 
 .text.fgets    0x0000000000015150       0x3c c:/devkitpro/devkita64/bin/../lib/gcc/aarch64-none-elf/11.1.0/../../../../aarch64-none-elf/lib/pic\libg.a(lib_a-fgets.o)
                0x0000000000015150                fgets
 *fill*         0x000000000001518c        0x4 
 .text._cleanup_r
                0x0000000000015190        0xc c:/devkitpro/devkita64/bin/../lib/gcc/aarch64-none-elf/11.1.0/../../../../aarch64-none-elf/lib/pic\libg.a(lib_a-findfp.o)
                0x0000000000015190                _cleanup_r
 *fill*         0x000000000001519c        0x4 
 .text.__sfmoreglue
                0x00000000000151a0       0x60 c:/devkitpro/devkita64/bin/../lib/gcc/aarch64-none-elf/11.1.0/../../../../aarch64-none-elf/lib/pic\libg.a(lib_a-findfp.o)
                0x00000000000151a0                __sfmoreglue
 .text.__sfp_lock_acquire
                0x0000000000015200        0xc c:/devkitpro/devkita64/bin/../lib/gcc/aarch64-none-elf/11.1.0/../../../../aarch64-none-elf/lib/pic\libg.a(lib_a-findfp.o)
                0x0000000000015200                __sfp_lock_acquire
 *fill*         0x000000000001520c        0x4 
 .text.__sfp_lock_release
                0x0000000000015210        0xc c:/devkitpro/devkita64/bin/../lib/gcc/aarch64-none-elf/11.1.0/../../../../aarch64-none-elf/lib/pic\libg.a(lib_a-findfp.o)
                0x0000000000015210                __sfp_lock_release
 *fill*         0x000000000001521c        0x4 
 .text.__sinit_lock_acquire
                0x0000000000015220        0xc c:/devkitpro/devkita64/bin/../lib/gcc/aarch64-none-elf/11.1.0/../../../../aarch64-none-elf/lib/pic\libg.a(lib_a-findfp.o)
                0x0000000000015220                __sinit_lock_acquire
 *fill*         0x000000000001522c        0x4 
 .text.__sinit_lock_release
                0x0000000000015230        0xc c:/devkitpro/devkita64/bin/../lib/gcc/aarch64-none-elf/11.1.0/../../../../aarch64-none-elf/lib/pic\libg.a(lib_a-findfp.o)
                0x0000000000015230                __sinit_lock_release
 *fill*         0x000000000001523c        0x4 
 .text.__sinit  0x0000000000015240      0x154 c:/devkitpro/devkita64/bin/../lib/gcc/aarch64-none-elf/11.1.0/../../../../aarch64-none-elf/lib/pic\libg.a(lib_a-findfp.o)
                0x0000000000015240                __sinit
 *fill*         0x0000000000015394        0xc 
 .text.__sfp    0x00000000000153a0      0x110 c:/devkitpro/devkita64/bin/../lib/gcc/aarch64-none-elf/11.1.0/../../../../aarch64-none-elf/lib/pic\libg.a(lib_a-findfp.o)
                0x00000000000153a0                __sfp
 .text.__libc_fini_array
                0x00000000000154b0       0x44 c:/devkitpro/devkita64/bin/../lib/gcc/aarch64-none-elf/11.1.0/../../../../aarch64-none-elf/lib/pic\libg.a(lib_a-fini.o)
                0x00000000000154b0                __libc_fini_array
 *fill*         0x00000000000154f4        0xc 
 .text._fopen_r
                0x0000000000015500      0x130 c:/devkitpro/devkita64/bin/../lib/gcc/aarch64-none-elf/11.1.0/../../../../aarch64-none-elf/lib/pic\libg.a(lib_a-fopen.o)
                0x0000000000015500                _fopen_r
 .text.fopen    0x0000000000015630       0x2c c:/devkitpro/devkita64/bin/../lib/gcc/aarch64-none-elf/11.1.0/../../../../aarch64-none-elf/lib/pic\libg.a(lib_a-fopen.o)
                0x0000000000015630                fopen
 *fill*         0x000000000001565c        0x4 
 .text._fputs_r
                0x0000000000015660       0xb4 c:/devkitpro/devkita64/bin/../lib/gcc/aarch64-none-elf/11.1.0/../../../../aarch64-none-elf/lib/pic\libg.a(lib_a-fputs.o)
                0x0000000000015660                _fputs_r
 *fill*         0x0000000000015714        0xc 
 .text.fputs    0x0000000000015720       0x2c c:/devkitpro/devkita64/bin/../lib/gcc/aarch64-none-elf/11.1.0/../../../../aarch64-none-elf/lib/pic\libg.a(lib_a-fputs.o)
                0x0000000000015720                fputs
 *fill*         0x000000000001574c        0x4 
 .text._malloc_trim_r
                0x0000000000015750      0x118 c:/devkitpro/devkita64/bin/../lib/gcc/aarch64-none-elf/11.1.0/../../../../aarch64-none-elf/lib/pic\libg.a(lib_a-freer.o)
                0x0000000000015750                _malloc_trim_r
 *fill*         0x0000000000015868        0x8 
 .text._free_r  0x0000000000015870      0x2f0 c:/devkitpro/devkita64/bin/../lib/gcc/aarch64-none-elf/11.1.0/../../../../aarch64-none-elf/lib/pic\libg.a(lib_a-freer.o)
                0x0000000000015870                _free_r
 .text._fseek_r
                0x0000000000015b60        0x4 c:/devkitpro/devkita64/bin/../lib/gcc/aarch64-none-elf/11.1.0/../../../../aarch64-none-elf/lib/pic\libg.a(lib_a-fseek.o)
                0x0000000000015b60                _fseek_r
 *fill*         0x0000000000015b64        0xc 
 .text._fseeko_r
                0x0000000000015b70      0x4bc c:/devkitpro/devkita64/bin/../lib/gcc/aarch64-none-elf/11.1.0/../../../../aarch64-none-elf/lib/pic\libg.a(lib_a-fseeko.o)
                0x0000000000015b70                _fseeko_r
 *fill*         0x000000000001602c        0x4 
 .text.__sfvwrite_r
                0x0000000000016030      0x4dc c:/devkitpro/devkita64/bin/../lib/gcc/aarch64-none-elf/11.1.0/../../../../aarch64-none-elf/lib/pic\libg.a(lib_a-fvwrite.o)
                0x0000000000016030                __sfvwrite_r
 *fill*         0x000000000001650c        0x4 
 .text._fwalk   0x0000000000016510       0x98 c:/devkitpro/devkita64/bin/../lib/gcc/aarch64-none-elf/11.1.0/../../../../aarch64-none-elf/lib/pic\libg.a(lib_a-fwalk.o)
                0x0000000000016510                _fwalk
 *fill*         0x00000000000165a8        0x8 
 .text._fwalk_reent
                0x00000000000165b0       0xa4 c:/devkitpro/devkita64/bin/../lib/gcc/aarch64-none-elf/11.1.0/../../../../aarch64-none-elf/lib/pic\libg.a(lib_a-fwalk.o)
                0x00000000000165b0                _fwalk_reent
 *fill*         0x0000000000016654        0xc 
 .text.gmtime   0x0000000000016660       0x2c c:/devkitpro/devkita64/bin/../lib/gcc/aarch64-none-elf/11.1.0/../../../../aarch64-none-elf/lib/pic\libg.a(lib_a-gmtime.o)
                0x0000000000016660                gmtime
 *fill*         0x000000000001668c        0x4 
 .text.gmtime_r
                0x0000000000016690      0x29c c:/devkitpro/devkita64/bin/../lib/gcc/aarch64-none-elf/11.1.0/../../../../aarch64-none-elf/lib/pic\libg.a(lib_a-gmtime_r.o)
                0x0000000000016690                gmtime_r
 *fill*         0x000000000001692c        0x4 
 .text.__libc_init_array
                0x0000000000016930       0x8c c:/devkitpro/devkita64/bin/../lib/gcc/aarch64-none-elf/11.1.0/../../../../aarch64-none-elf/lib/pic\libg.a(lib_a-init.o)
                0x0000000000016930                __libc_init_array
 *fill*         0x00000000000169bc        0x4 
 .text.__swhatbuf_r
                0x00000000000169c0       0x94 c:/devkitpro/devkita64/bin/../lib/gcc/aarch64-none-elf/11.1.0/../../../../aarch64-none-elf/lib/pic\libg.a(lib_a-makebuf.o)
                0x00000000000169c0                __swhatbuf_r
 *fill*         0x0000000000016a54        0xc 
 .text.__smakebuf_r
                0x0000000000016a60      0x10c c:/devkitpro/devkita64/bin/../lib/gcc/aarch64-none-elf/11.1.0/../../../../aarch64-none-elf/lib/pic\libg.a(lib_a-makebuf.o)
                0x0000000000016a60                __smakebuf_r
 *fill*         0x0000000000016b6c        0x4 
 .text._memalign_r